backfilling 1000 symbols · groww · interval=minute · 2025-12-08 → 2026-05-27 · resume on
  [1/1000] COALINDIA      skip (have 43125)
  [2/1000] HDFCBANK       skip (have 43125)
  [3/1000] ATGL           skip (have 43019)
  [4/1000] JPPOWER        skip (have 43125)
  [5/1000] ICICIBANK      skip (have 43125)
  [6/1000] ADANIPOWER     skip (have 43125)
  [7/1000] APOLLO         skip (have 43061)
  [8/1000] BSE            skip (have 43125)
  [9/1000] RELIANCE       skip (have 43125)
  [10/1000] BHARTIARTL     skip (have 43125)
  [11/1000] HFCL           skip (have 43123)
  [12/1000] SUZLON         skip (have 43125)
  [13/1000] PINELABS       skip (have 42254)
  [14/1000] ADANIENSOL     skip (have 43116)
  [15/1000] ADANIENT       skip (have 43125)
  [16/1000] ZEEL           skip (have 43120)
  [17/1000] POWERINDIA     skip (have 43112)
  [18/1000] CUMMINSIND     skip (have 43124)
  [19/1000] ADANIGREEN     skip (have 43125)
  [20/1000] MCX            skip (have 43125)
  [21/1000] VEDL           skip (have 43103)
  [22/1000] AXISBANK       skip (have 43125)
  [23/1000] ETERNAL        skip (have 43125)
  [24/1000] EXIDEIND       skip (have 43117)
  [25/1000] GRANULES       skip (have 42786)
  [26/1000] HINDALCO       skip (have 43125)
  [27/1000] TVSMOTOR       skip (have 43125)
  [28/1000] CGPOWER        skip (have 43125)
  [29/1000] TATASTEEL      skip (have 43125)
  [30/1000] IDEA           skip (have 43125)
  [31/1000] ONGC           skip (have 43125)
  [32/1000] WIPRO          skip (have 43125)
  [33/1000] SBIN           skip (have 43125)
  [34/1000] MTARTECH       skip (have 43020)
  [35/1000] ITC            skip (have 43125)
  [36/1000] INFY           skip (have 43125)
  [37/1000] ASTRAMICRO     skip (have 42846)
  [38/1000] SAIL           skip (have 43125)
  [39/1000] SWIGGY         skip (have 43125)
  [40/1000] ENRIN          skip (have 43105)
  [41/1000] MOTHERSON      skip (have 43125)
  [42/1000] GVT&D          skip (have 43125)
  [43/1000] NATIONALUM     skip (have 43125)
  [44/1000] SIEMENS        skip (have 43084)
  [45/1000] JSWENERGY      skip (have 43123)
  [46/1000] LT             skip (have 43125)
  [47/1000] TMPV           skip (have 42942)
  [48/1000] NETWEB         skip (have 43124)
  [49/1000] REFEX          skip (have 41478)
  [50/1000] INDIGO         skip (have 43125)
  [51/1000] FINPIPE        skip (have 40988)
  [52/1000] WAAREEENER     skip (have 43125)
  [53/1000] TCS            skip (have 43125)
  [54/1000] IFCI           skip (have 43107)
  [55/1000] SAMMAANCAP     skip (have 43048)
  [56/1000] NTPC           skip (have 43125)
  [57/1000] JKTYRE         skip (have 43081)
  [58/1000] SILVERBEES     skip (have 43125)
  [59/1000] HSCL           skip (have 42774)
  [60/1000] OLAELEC        skip (have 43125)
  [61/1000] AIAENG         skip (have 40738)
  [62/1000] BAJFINANCE     skip (have 43125)
  [63/1000] PREMIERENE     skip (have 43117)
  [64/1000] LICI           skip (have 43124)
  [65/1000] OFSS           skip (have 43012)
  [66/1000] BEL            skip (have 43125)
  [67/1000] ABB            skip (have 43004)
  [68/1000] BHEL           skip (have 43125)
  [69/1000] M&M            skip (have 43125)
  [70/1000] DIXON          skip (have 43125)
  [71/1000] MARUTI         skip (have 43125)
  [72/1000] KAYNES         skip (have 43125)
  [73/1000] LIQUIDBEES     skip (have 43074)
  [74/1000] ADANIPORTS     skip (have 43125)
  [75/1000] MARKSANS       skip (have 42185)
  [76/1000] DIACABS        skip (have 38952)
  [77/1000] RVNL           skip (have 43125)
  [78/1000] KOTAKBANK      skip (have 43125)
  [79/1000] BLISSGVS       skip (have 41532)
  [80/1000] ASHOKLEY       skip (have 43125)
  [81/1000] CANBK          skip (have 43125)
  [82/1000] HINDPETRO      skip (have 42842)
  [83/1000] SHRIRAMFIN     skip (have 43125)
  [84/1000] WOCKPHARMA     skip (have 42729)
  [85/1000] BAJAJ-AUTO     skip (have 43125)
Ready to Groww!
  [86/1000] TIMEX            7330 candles (7330 new)
  [87/1000] ZENTEC         skip (have 43017)
  [88/1000] APARINDS       skip (have 42528)
  [89/1000] GROWW          skip (have 43125)
  [90/1000] PGHL           skip (have 27060)
  [91/1000] TECHNOE        skip (have 42543)
  [92/1000] FIRSTCRY       skip (have 42339)
  [93/1000] PENIND         skip (have 39995)
  [94/1000] AMBER          skip (have 43076)
  [95/1000] POWERGRID      skip (have 43125)
  [96/1000] USHAMART       skip (have 40812)
  [97/1000] HINDZINC       skip (have 43125)
  [98/1000] GESHIP         skip (have 43085)
  [99/1000] ULTRACEMCO     skip (have 43125)
  [100/1000] THERMAX        skip (have 42094)
  [101/1000] BANKBARODA     skip (have 43125)
  [102/1000] ARE&M          skip (have 43111)
  [103/1000] NAUKRI         skip (have 43115)
  [104/1000] TECHM          skip (have 43125)
  [105/1000] JSWSTEEL       skip (have 43125)
  [106/1000] LENSKART       skip (have 43003)
  [107/1000] NBCC           skip (have 43125)
  [108/1000] DATAPATTNS     skip (have 43102)
  [109/1000] TATAPOWER      skip (have 43125)
  [110/1000] BANDHANBNK     skip (have 43124)
  [111/1000] MAXHEALTH      skip (have 43125)
  [112/1000] TMCV           skip (have 43125)
  [113/1000] SUNPHARMA      skip (have 43125)
  [114/1000] DELTACORP      skip (have 41670)
  [115/1000] KSHINTL         35819 candles (1 new)
  [116/1000] GMDCLTD        skip (have 43121)
  [117/1000] PAYTM          skip (have 43125)
  [118/1000] CDSL           skip (have 43125)
  [119/1000] SPARC          skip (have 40120)
  [120/1000] IIFL           skip (have 43101)
  [121/1000] APOLLOHOSP     skip (have 43125)
  [122/1000] POCL           skip (have 41852)
  [123/1000] COFORGE        skip (have 43125)
  [124/1000] HCC            skip (have 43120)
  [125/1000] JWL            skip (have 43092)
  [126/1000] HEROMOTOCO     skip (have 43125)
  [127/1000] LODHA          skip (have 43096)
  [128/1000] ANGELONE       skip (have 43122)
  [129/1000] ZYDUSLIFE      skip (have 43124)
  [130/1000] ASIANPAINT     skip (have 43125)
  [131/1000] TATACOMM       skip (have 42664)
  [132/1000] HINDCOPPER     skip (have 43125)
  [133/1000] VBL            skip (have 43125)
  [134/1000] FINCABLES      skip (have 42814)
  [135/1000] ICICIAMC        39699 candles (39699 new)
  [136/1000] HONASA         skip (have 40232)
  [137/1000] EMMVEE         skip (have 43079)
  [138/1000] HAL            skip (have 43125)
  [139/1000] NMDC           skip (have 43125)
  [140/1000] JIOFIN         skip (have 43125)
  [141/1000] HYUNDAI        skip (have 43111)
  [142/1000] LIQUIDCASE     skip (have 43125)
  [143/1000] INDUSTOWER     skip (have 43125)
  [144/1000] ATHERENERG     skip (have 43116)
  [145/1000] POLYCAB        skip (have 43123)
  [146/1000] HBLENGINE      skip (have 43123)
  [147/1000] RPOWER         skip (have 43125)
  [148/1000] EICHERMOT      skip (have 43125)
  [149/1000] GOLDBEES       skip (have 43125)
  [150/1000] NLCINDIA       skip (have 43042)
  [151/1000] MEESHO         skip (have 42304)
  [152/1000] TIINDIA        skip (have 43045)
  [153/1000] TDPOWERSYS     skip (have 43066)
  [154/1000] SAREGAMA       skip (have 40393)
  [155/1000] AMBUJACEM      skip (have 43117)
  [156/1000] CARRARO        skip (have 34192)
  [157/1000] TITAN          skip (have 43042)
  [158/1000] SOLARINDS      skip (have 43102)
  [159/1000] TATACONSUM     skip (have 43125)
  [160/1000] YESBANK        skip (have 42750)
  [161/1000] JINDWORLD      skip (have 32952)
  [162/1000] PGEL           skip (have 43111)
  [163/1000] TATATECH       skip (have 43125)
  [164/1000] TRENT          skip (have 43125)
  [165/1000] BPCL           skip (have 43125)
  [166/1000] LAURUSLABS     skip (have 43124)
  [167/1000] BDL            skip (have 43125)
  [168/1000] BANKINDIA      skip (have 43125)
  [169/1000] KEI            skip (have 43100)
  [170/1000] VIYASH         skip (have 42045)
  [171/1000] TRITURBINE     skip (have 42383)
  [172/1000] COCHINSHIP     skip (have 43125)
  [173/1000] TEJASNET       skip (have 43109)
  [174/1000] VIDYAWIRES     skip (have 40997)
  [175/1000] CONCOR         skip (have 43097)
  [176/1000] GRSE           skip (have 43125)
  [177/1000] RRKABEL        skip (have 41907)
  [178/1000] GILLETTE       skip (have 39388)
  [179/1000] WELCORP        skip (have 43003)
  [180/1000] BHARATCOAL      32582 candles (32582 new)
  [181/1000] CARTRADE       skip (have 43051)
  [182/1000] RADICO         skip (have 43120)
  [183/1000] BBOX           skip (have 40697)
  [184/1000] NHPC           skip (have 43125)
  [185/1000] NESTLEIND      skip (have 43125)
  [186/1000] INOXWIND       skip (have 43121)
  [187/1000] IOC            skip (have 43125)
  [188/1000] APLAPOLLO      skip (have 43119)
  [189/1000] TATSILV        skip (have 43125)
  [190/1000] MOTILALOFS     skip (have 43125)
  [191/1000] EASEMYTRIP     skip (have 43111)
  [192/1000] HAVELLS        skip (have 43114)
  [193/1000] HDFCAMC        skip (have 43125)
  [194/1000] RBLBANK        skip (have 43120)
  [195/1000] JINDALSTEL     skip (have 43120)
  [196/1000] DREDGECORP     skip (have 40369)
  [197/1000] NYKAA          skip (have 43125)
  [198/1000] PFC            skip (have 43125)
  [199/1000] RAMRAT         skip (have 25887)
  [200/1000] JINDALSAW      skip (have 42962)
  [201/1000] SCI            skip (have 43098)
  [202/1000] MINDACORP      skip (have 40116)
  [203/1000] HINDUNILVR     skip (have 43125)
  [204/1000] CEMPRO         skip (have 41576)
  [205/1000] CIPLA          skip (have 43125)
  [206/1000] SENCO          skip (have 42490)
  [207/1000] AVANTEL        skip (have 42285)
  [208/1000] COFFEEDAY      skip (have 34842)
  [209/1000] CHENNPETRO     skip (have 43073)
  [210/1000] PARAS          skip (have 43036)
  [211/1000] MAZDOCK        skip (have 43125)
  [212/1000] LUPIN          skip (have 43122)
  [213/1000] GLENMARK       skip (have 43082)
  [214/1000] UNIONBANK      skip (have 43124)
  [215/1000] DRREDDY        skip (have 43125)
  [216/1000] TITAGARH       skip (have 43079)
  [217/1000] GODREJCP       skip (have 43088)
  [218/1000] IMFA           skip (have 40982)
  [219/1000] FORCEMOT       skip (have 42956)
  [220/1000] PNB            skip (have 43125)
  [221/1000] CAMS           skip (have 43124)
  [222/1000] SKYGOLD        skip (have 41560)
  [223/1000] GUJTHEM        skip (have 25092)
  [224/1000] TRANSRAILL     skip (have 42876)
  [225/1000] KERNEX         skip (have 39004)
  [226/1000] FLUOROCHEM     skip (have 36505)
  [227/1000] FDC            skip (have 29793)
  [228/1000] MFSL           skip (have 43116)
  [229/1000] IDFCFIRSTB     skip (have 43125)
  [230/1000] SONACOMS       skip (have 43024)
  [231/1000] HCLTECH        skip (have 43125)
  [232/1000] AUROPHARMA     skip (have 43081)
  [233/1000] AEQUS          skip (have 40964)
  [234/1000] DLF            skip (have 43125)
  [235/1000] GOCOLORS       skip (have 36186)
  [236/1000] NIFTYBEES      skip (have 43125)
  [237/1000] FEDERALBNK     skip (have 43125)
  [238/1000] HIRECT         skip (have 32254)
  [239/1000] BIOCON         skip (have 43113)
  [240/1000] KIRLOSENG      skip (have 42877)
  [241/1000] CUPID          skip (have 43125)
  [242/1000] LLOYDSME       skip (have 42895)
  [243/1000] ENGINERSIN     skip (have 43116)
  [244/1000] RECLTD         skip (have 43125)
  [245/1000] SUNTV          skip (have 40109)
  [246/1000] BHARATFORG     skip (have 43107)
  [247/1000] CMPDI           14565 candles (14565 new)
  [248/1000] SKIPPER        skip (have 41336)
  [249/1000] VOLTAS         skip (have 43065)
  [250/1000] GOLDIAM        skip (have 40669)
  [251/1000] DIVISLAB       skip (have 43091)
  [252/1000] PERSISTENT     skip (have 43120)
  [253/1000] KFINTECH       skip (have 43100)
  [254/1000] GMRAIRPORT     skip (have 43124)
  [255/1000] KEC            skip (have 42983)
  [256/1000] BRITANNIA      skip (have 43121)
  [257/1000] RAMCOIND       skip (have 21296)
  [258/1000] MANKIND        skip (have 43044)
  [259/1000] VINDHYATEL     skip (have 24031)
  [260/1000] APOLLOTYRE     skip (have 43030)
  [261/1000] INDUSINDBK     skip (have 43124)
  [262/1000] REDTAPE        skip (have 35553)
  [263/1000] ALKEM          skip (have 42580)
  [264/1000] GRASIM         skip (have 43124)
  [265/1000] GODREJPROP     skip (have 43094)
  [266/1000] ASAHIINDIA     skip (have 38008)
  [267/1000] KPITTECH       skip (have 43122)
  [268/1000] IRCTC          skip (have 43125)
  [269/1000] TORNTPHARM     skip (have 43024)
  [270/1000] WABAG          skip (have 42825)
  [271/1000] SANSERA        skip (have 42275)
  [272/1000] PREMEXPLN      skip (have 40429)
  [273/1000] SHYAMMETL      skip (have 38170)
  [274/1000] DMART          skip (have 43111)
  [275/1000] AGIIL           35644 candles (35644 new)
  [276/1000] GAIL           skip (have 43125)
  [277/1000] WALCHANNAG     skip (have 40954)
  [278/1000] UNOMINDA       skip (have 43108)
  [279/1000] INDHOTEL       skip (have 43124)
  [280/1000] FCL            skip (have 41578)
  [281/1000] E2E            skip (have 41409)
  [282/1000] CESC           skip (have 42969)
  [283/1000] CHOLAFIN       skip (have 43125)
  [284/1000] FRACTAL         24861 candles (24861 new)
  [285/1000] NAVINFLUOR     skip (have 43057)
  [286/1000] HDFCSILVER     skip (have 43121)
  [287/1000] PRESTIGE       skip (have 43094)
  [288/1000] MODISONLTD     skip (have 18004)
  [289/1000] SILVERIETF     skip (have 43124)
  [290/1000] INDIANB        skip (have 43125)
  [291/1000] AUBANK         skip (have 43124)
  [292/1000] DECNGOLD         8872 candles (8872 new)
  [293/1000] ABCAPITAL      skip (have 43125)
  [294/1000] GRMOVER        skip (have 35086)
  [295/1000] CREDITACC      skip (have 42270)
  [296/1000] KISSHT           5203 candles (5203 new)
  [297/1000] CPPLUS         skip (have 40915)
  [298/1000] MARICO         skip (have 43121)
  [299/1000] JAINREC        skip (have 42697)
  [300/1000] PAISALO        skip (have 40399)
  [301/1000] LLOYDSENGG     skip (have 42725)
  [302/1000] AZAD           skip (have 41934)
  [303/1000] GANDHAR         34994 candles (34994 new)
  [304/1000] SANDUMA        skip (have 42625)
  [305/1000] PIRAMALFIN     skip (have 42385)
  [306/1000] PACEDIGITK     skip (have 39705)
  [307/1000] HDFCLIFE       skip (have 43125)
  [308/1000] LTM            skip (have 43097)
  [309/1000] LIQUID1        skip (have 28613)
  [310/1000] POLYMED        skip (have 42283)
  [311/1000] AEROFLEX       skip (have 41707)
  [312/1000] TORNTPOWER     skip (have 42892)
  [313/1000] JYOTICNC       skip (have 41898)
  [314/1000] RAIN           skip (have 42450)
  [315/1000] ASTRAL         skip (have 43085)
  [316/1000] TATAELXSI      skip (have 43106)
  [317/1000] POLICYBZR      skip (have 43123)
  [318/1000] KARURVYSYA     skip (have 42914)
  [319/1000] JSWCEMENT      skip (have 42892)
  [320/1000] KALYANKJIL     skip (have 43123)
  [321/1000] ELGIEQUIP      skip (have 42225)
  [322/1000] PHOENIXLTD     skip (have 42924)
  [323/1000] CENTRALBK      skip (have 43103)
  [324/1000] VMM            skip (have 43042)
  [325/1000] SASKEN         skip (have 25442)
  [326/1000] FSL            skip (have 42909)
  [327/1000] SBILIFE        skip (have 43117)
  [328/1000] ADVAIT          26978 candles (26978 new)
  [329/1000] TATAGOLD       skip (have 43125)
  [330/1000] COROMANDEL     skip (have 43070)
  [331/1000] FACT           skip (have 39054)
  [332/1000] ASTRAZEN       skip (have 28060)
  [333/1000] GODFRYPHLP     skip (have 43098)
  [334/1000] NDTV           skip (have 31885)
  [335/1000] IRFC           skip (have 43125)
  [336/1000] CHAMBLFERT     skip (have 42819)
  [337/1000] LICHSGFIN      skip (have 43012)
  [338/1000] IREDA          skip (have 43125)
  [339/1000] BALUFORGE      skip (have 41583)
  [340/1000] HEG            skip (have 42769)
  [341/1000] BELRISE        skip (have 43107)
  [342/1000] SBC            skip (have 40446)
  [343/1000] GRAPHITE        42796 candles (42796 new)
  [344/1000] CAMLINFINE      38159 candles (38159 new)
  [345/1000] ACUTAAS         43015 candles (43015 new)
  [346/1000] GVPIL           34285 candles (34285 new)
  [347/1000] RAYMOND         42574 candles (42574 new)
  [348/1000] BAJAJFINSV      43125 candles (43125 new)
  [349/1000] SRF             43040 candles (43040 new)
  [350/1000] IOLCP           39904 candles (39904 new)
  [351/1000] NETWORK18       42369 candles (42369 new)
  [352/1000] J&KBANK         42831 candles (42831 new)
  [353/1000] ENTERO          35637 candles (35637 new)
  [354/1000] TARIL           43122 candles (43122 new)
  [355/1000] VIKRAMSOLR      42908 candles (42908 new)
  [356/1000] SYNGENE         42702 candles (42702 new)
  [357/1000] NAM-INDIA       43098 candles (43098 new)
  [358/1000] UPL             43122 candles (43122 new)
  [359/1000] KTKBANK         43075 candles (43075 new)
  [360/1000] MAHABANK        43125 candles (43125 new)
  [361/1000] ITCHOTELS       43125 candles (43125 new)
  [362/1000] PNBHOUSING      43109 candles (43109 new)
  [363/1000] UNITDSPR        43111 candles (43111 new)
  [364/1000] SYRMA           43116 candles (43116 new)
  [365/1000] DABUR           43104 candles (43104 new)
  [366/1000] OIL             43117 candles (43117 new)
  [367/1000] INOXINDIA       39070 candles (39070 new)
  [368/1000] MUTHOOTFIN      43123 candles (43123 new)
  [369/1000] JUBLFOOD       skip (have 43121)
  [370/1000] PAGEIND        skip (have 42048)
  [371/1000] OBEROIRLTY      42583 candles (42583 new)
  [372/1000] ASHAPURMIN      42124 candles (42124 new)
  [373/1000] MANAPPURAM     skip (have 43122)
  [374/1000] FORTIS          43123 candles (43123 new)
  [375/1000] ANANDRATHI      42206 candles (42206 new)
  [376/1000] LGEINDIA       skip (have 43124)
  [377/1000] TIMETECHNO      42801 candles (42801 new)
  [378/1000] MPHASIS         43084 candles (43084 new)
  [379/1000] PATANJALI       42383 candles (42383 new)
  [380/1000] LTF            skip (have 43125)
  [381/1000] SHRINGARMS      36319 candles (36319 new)
  [382/1000] BOSCHLTD       skip (have 41909)
  [383/1000] PARACABLES      37473 candles (37473 new)
  [384/1000] NH              43111 candles (43111 new)
  [385/1000] BAJAJHFL        43125 candles (43125 new)
  [386/1000] RTNPOWER        43124 candles (43124 new)
  [387/1000] MANINDS         40017 candles (40017 new)
  [388/1000] GLAND          skip (have 40634)
  [389/1000] AWL             43089 candles (43089 new)
  [390/1000] MOSCHIP         43086 candles (43086 new)
  [391/1000] SHILPAMED      skip (have 41915)
  [392/1000] NUVAMA          42695 candles (42695 new)
  [393/1000] MOBIKWIK        42053 candles (42053 new)
  [394/1000] MRPL            43111 candles (43111 new)
  [395/1000] AVALON          42044 candles (42044 new)
  [396/1000] BLACKBUCK       43023 candles (43023 new)
  [397/1000] RBA             39786 candles (39786 new)
  [398/1000] DYNAMATECH      38360 candles (38360 new)
  [399/1000] TFCILTD         39889 candles (39889 new)
  [400/1000] IEX             43123 candles (43123 new)
  [401/1000] URBANCO         43031 candles (43031 new)
  [402/1000] JAYNECOIND      42546 candles (42546 new)
  [403/1000] GPPL            42733 candles (42733 new)
  [404/1000] AIIL            41703 candles (41703 new)
  [405/1000] DELHIVERY       43066 candles (43066 new)
  [406/1000] PIDILITIND      43116 candles (43116 new)
  [407/1000] NEULANDLAB      42107 candles (42107 new)
  [408/1000] SBCL            37594 candles (37594 new)
  [409/1000] VENUSPIPES      35526 candles (35526 new)
  [410/1000] AJANTPHARM      42847 candles (42847 new)
  [411/1000] DIAMONDYD       16272 candles (16272 new)
  [412/1000] LANDMARK        27691 candles (27691 new)
  [413/1000] NTPCGREEN       43122 candles (43122 new)
  [414/1000] ICICIPRULI      42988 candles (42988 new)
  [415/1000] GPIL            42756 candles (42756 new)
  [416/1000] ANANTRAJ        43123 candles (43123 new)
  [417/1000] DSSL            32681 candles (32681 new)
  [418/1000] IFBIND          34778 candles (34778 new)
  [419/1000] CGCL            40807 candles (40807 new)
  [420/1000] ICICIGI        ERROR — HTTPSConnectionPool(host='api.groww.in', port=443): Max retries exceeded with url: /v1/historical/candle/range?exchange=NSE&segment=CASH&trading_symbol=ICICIGI&start_time=2025-12-15+00%3A00%3A00&end_time=2025-12-21+23%3A59%3A59&interval_in_minutes=1 (Caused by NameResolutionError("HTTPSConnection(host='api.groww.in', port=443): Failed to resolve 'api.groww.in' ([Errno -3] Temporary failure in name resolution)"))
  [421/1000] VOLTAMP        ERROR — ('Connection aborted.', ConnectionResetError(104, 'Connection reset by peer'))
6/1000] BLACKBUCK       43023 candles (43023 new)
  [397/1000] RBA             39786 candles (39786 new)
  [398/1000] DYNAMATECH      38360 candles (38360 new)
  [399/1000] TFCILTD         39889 candles (39889 new)
  [400/1000] IEX             43123 candles (43123 new)
  [401/1000] URBANCO         43031 candles (43031 new)
  [402/1000] JAYNECOIND      42546 candles (42546 new)
  [403/1000] GPPL            42733 candles (42733 new)
  [404/1000] AIIL            41703 candles (41703 new)
  [405/1000] DELHIVERY       43066 candles (43066 new)
  [406/1000] PIDILITIND      43116 candles (43116 new)
  [407/1000] NEULANDLAB      42107 candles (42107 new)
  [408/1000] SBCL            37594 candles (37594 new)
  [409/1000] VENUSPIPES      35526 candles (35526 new)
  [410/1000] AJANTPHARM      42847 candles (42847 new)
  [411/1000] DIAMONDYD       16272 candles (16272 new)
  [412/1000] LANDMARK        27691 candles (27691 new)
  [413/1000] NTPCGREEN       43122 candles (43122 new)
  [414/1000] ICICIPRULI      42988 candles (42988 new)
  [415/1000] GPIL            42756 candles (42756 new)
  [416/1000] ANANTRAJ        43123 candles (43123 new)
  [417/1000] DSSL            32681 candles (32681 new)
  [418/1000] IFBIND          34778 candles (34778 new)
  [419/1000] CGCL            40807 candles (40807 new)
  [420/1000] ICICIGI        ERROR — HTTPSConnectionPool(host='api.groww.in', port=443): Max retries exceeded with url: /v1/historical/candle/range?exchange=NSE&segment=CASH&trading_symbol=ICICIGI&start_time=2025-12-15+00%3A00%3A00&end_time=2025-12-21+23%3A59%3A59&interval_in_minutes=1 (Caused by NameResolutionError("HTTPSConnection(host='api.groww.in', port=443): Failed to resolve 'api.groww.in' ([Errno -3] Temporary failure in name resolution)"))
  [421/1000] VOLTAMP        ERROR — ('Connection aborted.', ConnectionResetError(104, 'Connection reset by peer'))
  [422/1000] JSWINFRA        43102 candles (43102 new)
  [423/1000] PCJEWELLER      43124 candles (43124 new)
  [424/1000] IDBI            43123 candles (43123 new)
  [425/1000] SCHNEIDER       41407 candles (41407 new)
  [426/1000] PPLPHARMA       43114 candles (43114 new)
  [427/1000] GREAVESCOT      42592 candles (42592 new)
  [428/1000] SUPRIYA         37949 candles (37949 new)
  [429/1000] SAILIFE         42544 candles (42544 new)
  [430/1000] VIKRAN          42649 candles (42649 new)
  [431/1000] PGHH            31495 candles (31495 new)
  [432/1000] SANDHAR        skip (have 34720)
  [433/1000] HONAUT         skip (have 29040)
  [434/1000] ROSSTECH        31806 candles (31806 new)
