2026-05-20 06:55:13,631 warming nse session
2026-05-20 06:55:14,107 HTTP Request: GET https://www.nseindia.com/ "HTTP/1.1 200 OK"
2026-05-20 06:55:14,277 HTTP Request: GET https://www.nseindia.com/market-data/live-equity-market "HTTP/1.1 200 OK"
2026-05-20 06:55:15,022 HTTP Request: GET https://nsearchives.nseindia.com/products/content/sec_bhavdata_full_20052025.csv "HTTP/1.1 200 OK"
2026-05-20 06:55:15,487 2025-05-20: inserted=2835 unchanged=0 rows=2835
2026-05-20 06:55:17,748 HTTP Request: GET https://nsearchives.nseindia.com/products/content/sec_bhavdata_full_21052025.csv "HTTP/1.1 200 OK"
2026-05-20 06:55:17,993 2025-05-21: inserted=2835 unchanged=0 rows=2835
2026-05-20 06:55:20,189 HTTP Request: GET https://nsearchives.nseindia.com/products/content/sec_bhavdata_full_22052025.csv "HTTP/1.1 200 OK"
2026-05-20 06:55:20,421 2025-05-22: inserted=2837 unchanged=0 rows=2837
2026-05-20 06:55:22,615 HTTP Request: GET https://nsearchives.nseindia.com/products/content/sec_bhavdata_full_23052025.csv "HTTP/1.1 200 OK"
2026-05-20 06:55:22,769 2025-05-23: inserted=2834 unchanged=0 rows=2834
2026-05-20 06:55:25,029 HTTP Request: GET https://nsearchives.nseindia.com/products/content/sec_bhavdata_full_26052025.csv "HTTP/1.1 200 OK"
2026-05-20 06:55:25,171 2025-05-26: inserted=2870 unchanged=0 rows=2870
2026-05-20 06:55:27,601 HTTP Request: GET https://nsearchives.nseindia.com/products/content/sec_bhavdata_full_27052025.csv "HTTP/1.1 200 OK"
2026-05-20 06:55:28,039 2025-05-27: inserted=2843 unchanged=0 rows=2843
2026-05-20 06:55:30,262 HTTP Request: GET https://nsearchives.nseindia.com/products/content/sec_bhavdata_full_28052025.csv "HTTP/1.1 200 OK"
2026-05-20 06:55:30,749 2025-05-28: inserted=2842 unchanged=0 rows=2842
2026-05-20 06:55:33,034 HTTP Request: GET https://nsearchives.nseindia.com/products/content/sec_bhavdata_full_29052025.csv "HTTP/1.1 200 OK"
2026-05-20 06:55:33,675 2025-05-29: inserted=2846 unchanged=0 rows=2846
2026-05-20 06:55:36,309 HTTP Request: GET https://nsearchives.nseindia.com/products/content/sec_bhavdata_full_30052025.csv "HTTP/1.1 200 OK"
2026-05-20 06:55:36,374 2025-05-30: inserted=2843 unchanged=0 rows=2843
2026-05-20 06:55:38,773 HTTP Request: GET https://nsearchives.nseindia.com/products/content/sec_bhavdata_full_02062025.csv "HTTP/1.1 200 OK"
2026-05-20 06:55:38,961 2025-06-02: inserted=2889 unchanged=0 rows=2889
2026-05-20 06:55:41,174 HTTP Request: GET https://nsearchives.nseindia.com/products/content/sec_bhavdata_full_03062025.csv "HTTP/1.1 200 OK"
2026-05-20 06:55:41,318 2025-06-03: inserted=2865 unchanged=0 rows=2865
2026-05-20 06:55:43,626 HTTP Request: GET https://nsearchives.nseindia.com/products/content/sec_bhavdata_full_04062025.csv "HTTP/1.1 200 OK"
2026-05-20 06:55:43,783 2025-06-04: inserted=2855 unchanged=0 rows=2855
2026-05-20 06:55:46,188 HTTP Request: GET https://nsearchives.nseindia.com/products/content/sec_bhavdata_full_05062025.csv "HTTP/1.1 200 OK"
2026-05-20 06:55:46,370 2025-06-05: inserted=2853 unchanged=0 rows=2853
2026-05-20 06:55:48,805 HTTP Request: GET https://nsearchives.nseindia.com/products/content/sec_bhavdata_full_06062025.csv "HTTP/1.1 200 OK"
2026-05-20 06:55:49,101 2025-06-06: inserted=2864 unchanged=0 rows=2864
2026-05-20 06:55:51,343 HTTP Request: GET https://nsearchives.nseindia.com/products/content/sec_bhavdata_full_09062025.csv "HTTP/1.1 200 OK"
2026-05-20 06:55:51,804 2025-06-09: inserted=2896 unchanged=0 rows=2896
2026-05-20 06:55:54,394 HTTP Request: GET https://nsearchives.nseindia.com/products/content/sec_bhavdata_full_10062025.csv "HTTP/1.1 200 OK"
2026-05-20 06:55:54,500 2025-06-10: inserted=2864 unchanged=0 rows=2864
2026-05-20 06:55:56,814 HTTP Request: GET https://nsearchives.nseindia.com/products/content/sec_bhavdata_full_11062025.csv "HTTP/1.1 200 OK"
2026-05-20 06:55:56,989 2025-06-11: inserted=2875 unchanged=0 rows=2875
2026-05-20 06:55:59,513 HTTP Request: GET https://nsearchives.nseindia.com/products/content/sec_bhavdata_full_12062025.csv "HTTP/1.1 200 OK"
2026-05-20 06:55:59,842 2025-06-12: inserted=2860 unchanged=0 rows=2860
2026-05-20 06:56:02,154 HTTP Request: GET https://nsearchives.nseindia.com/products/content/sec_bhavdata_full_13062025.csv "HTTP/1.1 200 OK"
2026-05-20 06:56:02,548 2025-06-13: inserted=2855 unchanged=0 rows=2855
2026-05-20 06:56:04,959 HTTP Request: GET https://nsearchives.nseindia.com/products/content/sec_bhavdata_full_16062025.csv "HTTP/1.1 200 OK"
2026-05-20 06:56:05,258 2025-06-16: inserted=2890 unchanged=0 rows=2890
2026-05-20 06:56:08,223 HTTP Request: GET https://nsearchives.nseindia.com/products/content/sec_bhavdata_full_17062025.csv "HTTP/1.1 200 OK"
2026-05-20 06:56:09,298 2025-06-17: inserted=2857 unchanged=0 rows=2857
2026-05-20 06:56:11,769 HTTP Request: GET https://nsearchives.nseindia.com/products/content/sec_bhavdata_full_18062025.csv "HTTP/1.1 200 OK"
2026-05-20 06:56:12,300 2025-06-18: inserted=2865 unchanged=0 rows=2865
2026-05-20 06:56:14,748 HTTP Request: GET https://nsearchives.nseindia.com/products/content/sec_bhavdata_full_19062025.csv "HTTP/1.1 200 OK"
2026-05-20 06:56:15,388 2025-06-19: inserted=2865 unchanged=0 rows=2865
2026-05-20 06:56:17,709 HTTP Request: GET https://nsearchives.nseindia.com/products/content/sec_bhavdata_full_20062025.csv "HTTP/1.1 200 OK"
2026-05-20 06:56:17,976 2025-06-20: inserted=2857 unchanged=0 rows=2857
2026-05-20 06:56:20,368 HTTP Request: GET https://nsearchives.nseindia.com/products/content/sec_bhavdata_full_23062025.csv "HTTP/1.1 200 OK"
2026-05-20 06:56:20,917 2025-06-23: inserted=2897 unchanged=0 rows=2897
2026-05-20 06:56:23,468 HTTP Request: GET https://nsearchives.nseindia.com/products/content/sec_bhavdata_full_24062025.csv "HTTP/1.1 200 OK"
2026-05-20 06:56:23,653 2025-06-24: inserted=2867 unchanged=0 rows=2867
2026-05-20 06:56:25,851 HTTP Request: GET https://nsearchives.nseindia.com/products/content/sec_bhavdata_full_25062025.csv "HTTP/1.1 200 OK"
2026-05-20 06:56:26,100 2025-06-25: inserted=2871 unchanged=0 rows=2871
2026-05-20 06:56:28,784 HTTP Request: GET https://nsearchives.nseindia.com/products/content/sec_bhavdata_full_26062025.csv "HTTP/1.1 200 OK"
2026-05-20 06:56:29,177 2025-06-26: inserted=2873 unchanged=0 rows=2873
2026-05-20 06:56:31,430 HTTP Request: GET https://nsearchives.nseindia.com/products/content/sec_bhavdata_full_27062025.csv "HTTP/1.1 200 OK"
2026-05-20 06:56:32,124 2025-06-27: inserted=2881 unchanged=0 rows=2881
2026-05-20 06:56:34,477 HTTP Request: GET https://nsearchives.nseindia.com/products/content/sec_bhavdata_full_30062025.csv "HTTP/1.1 200 OK"
2026-05-20 06:56:34,817 2025-06-30: inserted=2911 unchanged=0 rows=2911
2026-05-20 06:56:37,134 HTTP Request: GET https://nsearchives.nseindia.com/products/content/sec_bhavdata_full_01072025.csv "HTTP/1.1 200 OK"
2026-05-20 06:56:37,666 2025-07-01: inserted=2884 unchanged=0 rows=2884
2026-05-20 06:56:39,955 HTTP Request: GET https://nsearchives.nseindia.com/products/content/sec_bhavdata_full_02072025.csv "HTTP/1.1 200 OK"
2026-05-20 06:56:40,326 2025-07-02: inserted=2900 unchanged=0 rows=2900
2026-05-20 06:56:42,687 HTTP Request: GET https://nsearchives.nseindia.com/products/content/sec_bhavdata_full_03072025.csv "HTTP/1.1 200 OK"
2026-05-20 06:56:43,127 2025-07-03: inserted=2892 unchanged=0 rows=2892
2026-05-20 06:56:45,788 HTTP Request: GET https://nsearchives.nseindia.com/products/content/sec_bhavdata_full_04072025.csv "HTTP/1.1 200 OK"
2026-05-20 06:56:46,167 2025-07-04: inserted=2889 unchanged=0 rows=2889
2026-05-20 06:56:48,592 HTTP Request: GET https://nsearchives.nseindia.com/products/content/sec_bhavdata_full_07072025.csv "HTTP/1.1 200 OK"
2026-05-20 06:56:48,971 2025-07-07: inserted=2912 unchanged=0 rows=2912
2026-05-20 06:56:51,273 HTTP Request: GET https://nsearchives.nseindia.com/products/content/sec_bhavdata_full_08072025.csv "HTTP/1.1 200 OK"
2026-05-20 06:56:51,611 2025-07-08: inserted=2895 unchanged=0 rows=2895
2026-05-20 06:56:54,093 HTTP Request: GET https://nsearchives.nseindia.com/products/content/sec_bhavdata_full_09072025.csv "HTTP/1.1 200 OK"
2026-05-20 06:56:54,667 2025-07-09: inserted=2902 unchanged=0 rows=2902
2026-05-20 06:56:57,140 HTTP Request: GET https://nsearchives.nseindia.com/products/content/sec_bhavdata_full_10072025.csv "HTTP/1.1 200 OK"
2026-05-20 06:56:57,287 2025-07-10: inserted=2891 unchanged=0 rows=2891
2026-05-20 06:56:59,425 HTTP Request: GET https://nsearchives.nseindia.com/products/content/sec_bhavdata_full_11072025.csv "HTTP/1.1 200 OK"
2026-05-20 06:56:59,741 2025-07-11: inserted=2885 unchanged=0 rows=2885
2026-05-20 06:57:02,018 HTTP Request: GET https://nsearchives.nseindia.com/products/content/sec_bhavdata_full_14072025.csv "HTTP/1.1 200 OK"
2026-05-20 06:57:02,389 2025-07-14: inserted=2930 unchanged=0 rows=2930
2026-05-20 06:57:04,601 HTTP Request: GET https://nsearchives.nseindia.com/products/content/sec_bhavdata_full_15072025.csv "HTTP/1.1 200 OK"
2026-05-20 06:57:04,842 2025-07-15: inserted=2907 unchanged=0 rows=2907
2026-05-20 06:57:07,578 HTTP Request: GET https://nsearchives.nseindia.com/products/content/sec_bhavdata_full_16072025.csv "HTTP/1.1 200 OK"
2026-05-20 06:57:07,855 2025-07-16: inserted=2908 unchanged=0 rows=2908
2026-05-20 06:57:10,320 HTTP Request: GET https://nsearchives.nseindia.com/products/content/sec_bhavdata_full_17072025.csv "HTTP/1.1 200 OK"
2026-05-20 06:57:10,803 2025-07-17: inserted=2911 unchanged=0 rows=2911
2026-05-20 06:57:13,406 HTTP Request: GET https://nsearchives.nseindia.com/products/content/sec_bhavdata_full_18072025.csv "HTTP/1.1 200 OK"
2026-05-20 06:57:13,752 2025-07-18: inserted=2907 unchanged=0 rows=2907
2026-05-20 06:57:16,786 HTTP Request: GET https://nsearchives.nseindia.com/products/content/sec_bhavdata_full_21072025.csv "HTTP/1.1 200 OK"
2026-05-20 06:57:17,176 2025-07-21: inserted=2926 unchanged=0 rows=2926
2026-05-20 06:57:20,244 HTTP Request: GET https://nsearchives.nseindia.com/products/content/sec_bhavdata_full_22072025.csv "HTTP/1.1 200 OK"
2026-05-20 06:57:20,985 2025-07-22: inserted=2916 unchanged=0 rows=2916
2026-05-20 06:57:24,198 HTTP Request: GET https://nsearchives.nseindia.com/products/content/sec_bhavdata_full_23072025.csv "HTTP/1.1 200 OK"
2026-05-20 06:57:24,727 2025-07-23: inserted=2907 unchanged=0 rows=2907
2026-05-20 06:57:27,479 HTTP Request: GET https://nsearchives.nseindia.com/products/content/sec_bhavdata_full_24072025.csv "HTTP/1.1 200 OK"
2026-05-20 06:57:28,068 2025-07-24: inserted=2911 unchanged=0 rows=2911
2026-05-20 06:57:31,151 HTTP Request: GET https://nsearchives.nseindia.com/products/content/sec_bhavdata_full_25072025.csv "HTTP/1.1 200 OK"
2026-05-20 06:57:31,516 2025-07-25: inserted=2893 unchanged=0 rows=2893
2026-05-20 06:57:34,481 HTTP Request: GET https://nsearchives.nseindia.com/products/content/sec_bhavdata_full_28072025.csv "HTTP/1.1 200 OK"
2026-05-20 06:57:34,941 2025-07-28: inserted=2932 unchanged=0 rows=2932
2026-05-20 06:57:37,789 HTTP Request: GET https://nsearchives.nseindia.com/products/content/sec_bhavdata_full_29072025.csv "HTTP/1.1 200 OK"
2026-05-20 06:57:38,120 2025-07-29: inserted=2893 unchanged=0 rows=2893
2026-05-20 06:57:40,681 HTTP Request: GET https://nsearchives.nseindia.com/products/content/sec_bhavdata_full_30072025.csv "HTTP/1.1 200 OK"
2026-05-20 06:57:41,350 2025-07-30: inserted=2897 unchanged=0 rows=2897
2026-05-20 06:57:43,702 HTTP Request: GET https://nsearchives.nseindia.com/products/content/sec_bhavdata_full_31072025.csv "HTTP/1.1 200 OK"
2026-05-20 06:57:44,202 2025-07-31: inserted=2904 unchanged=0 rows=2904
2026-05-20 06:57:46,952 HTTP Request: GET https://nsearchives.nseindia.com/products/content/sec_bhavdata_full_01082025.csv "HTTP/1.1 200 OK"
2026-05-20 06:57:47,063 2025-08-01: inserted=2908 unchanged=0 rows=2908
2026-05-20 06:57:49,293 HTTP Request: GET https://nsearchives.nseindia.com/products/content/sec_bhavdata_full_04082025.csv "HTTP/1.1 200 OK"
2026-05-20 06:57:49,713 2025-08-04: inserted=2947 unchanged=0 rows=2947
2026-05-20 06:57:52,121 HTTP Request: GET https://nsearchives.nseindia.com/products/content/sec_bhavdata_full_05082025.csv "HTTP/1.1 200 OK"
2026-05-20 06:57:52,260 2025-08-05: inserted=2916 unchanged=0 rows=2916
2026-05-20 06:57:54,581 HTTP Request: GET https://nsearchives.nseindia.com/products/content/sec_bhavdata_full_06082025.csv "HTTP/1.1 200 OK"
2026-05-20 06:57:54,809 2025-08-06: inserted=2934 unchanged=0 rows=2934
2026-05-20 06:57:57,022 HTTP Request: GET https://nsearchives.nseindia.com/products/content/sec_bhavdata_full_07082025.csv "HTTP/1.1 200 OK"
2026-05-20 06:57:57,259 2025-08-07: inserted=2915 unchanged=0 rows=2915
2026-05-20 06:57:59,495 HTTP Request: GET https://nsearchives.nseindia.com/products/content/sec_bhavdata_full_08082025.csv "HTTP/1.1 200 OK"
2026-05-20 06:57:59,797 2025-08-08: inserted=2932 unchanged=0 rows=2932
2026-05-20 06:58:02,102 HTTP Request: GET https://nsearchives.nseindia.com/products/content/sec_bhavdata_full_11082025.csv "HTTP/1.1 200 OK"
2026-05-20 06:58:02,324 2025-08-11: inserted=2953 unchanged=0 rows=2953
2026-05-20 06:58:04,617 HTTP Request: GET https://nsearchives.nseindia.com/products/content/sec_bhavdata_full_12082025.csv "HTTP/1.1 200 OK"
2026-05-20 06:58:04,860 2025-08-12: inserted=2919 unchanged=0 rows=2919
2026-05-20 06:58:07,065 HTTP Request: GET https://nsearchives.nseindia.com/products/content/sec_bhavdata_full_13082025.csv "HTTP/1.1 200 OK"
2026-05-20 06:58:07,269 2025-08-13: inserted=2923 unchanged=0 rows=2923
2026-05-20 06:58:09,509 HTTP Request: GET https://nsearchives.nseindia.com/products/content/sec_bhavdata_full_14082025.csv "HTTP/1.1 200 OK"
2026-05-20 06:58:09,693 2025-08-14: inserted=2906 unchanged=0 rows=2906
2026-05-20 06:58:11,960 HTTP Request: GET https://nsearchives.nseindia.com/products/content/sec_bhavdata_full_15082025.csv "HTTP/1.1 404 Not Found"
2026-05-20 06:58:11,977 FAILED 2025-08-15: bhavcopy_cm: Client error '404 Not Found' for url 'https://nsearchives.nseindia.com/products/content/sec_bhavdata_full_15082025.csv'
For more information check: https://developer.mozilla.org/en-US/docs/Web/HTTP/Status/404
2026-05-20 06:58:14,229 HTTP Request: GET https://nsearchives.nseindia.com/products/content/sec_bhavdata_full_18082025.csv "HTTP/1.1 200 OK"
2026-05-20 06:58:14,370 2025-08-18: inserted=2981 unchanged=0 rows=2981
2026-05-20 06:58:16,645 HTTP Request: GET https://nsearchives.nseindia.com/products/content/sec_bhavdata_full_19082025.csv "HTTP/1.1 200 OK"
2026-05-20 06:58:16,933 2025-08-19: inserted=2945 unchanged=0 rows=2945
2026-05-20 06:58:19,307 HTTP Request: GET https://nsearchives.nseindia.com/products/content/sec_bhavdata_full_20082025.csv "HTTP/1.1 200 OK"
2026-05-20 06:58:19,580 2025-08-20: inserted=2927 unchanged=0 rows=2927
2026-05-20 06:58:21,815 HTTP Request: GET https://nsearchives.nseindia.com/products/content/sec_bhavdata_full_21082025.csv "HTTP/1.1 200 OK"
2026-05-20 06:58:22,514 2025-08-21: inserted=2939 unchanged=0 rows=2939
2026-05-20 06:58:24,739 HTTP Request: GET https://nsearchives.nseindia.com/products/content/sec_bhavdata_full_22082025.csv "HTTP/1.1 200 OK"
2026-05-20 06:58:24,999 2025-08-22: inserted=2936 unchanged=0 rows=2936
2026-05-20 06:58:27,224 HTTP Request: GET https://nsearchives.nseindia.com/products/content/sec_bhavdata_full_25082025.csv "HTTP/1.1 200 OK"
2026-05-20 06:58:27,546 2025-08-25: inserted=2968 unchanged=0 rows=2968
2026-05-20 06:58:30,202 HTTP Request: GET https://nsearchives.nseindia.com/products/content/sec_bhavdata_full_26082025.csv "HTTP/1.1 200 OK"
2026-05-20 06:58:30,335 2025-08-26: inserted=2953 unchanged=0 rows=2953
2026-05-20 06:58:32,579 HTTP Request: GET https://nsearchives.nseindia.com/products/content/sec_bhavdata_full_27082025.csv "HTTP/1.1 404 Not Found"
2026-05-20 06:58:32,580 FAILED 2025-08-27: bhavcopy_cm: Client error '404 Not Found' for url 'https://nsearchives.nseindia.com/products/content/sec_bhavdata_full_27082025.csv'
For more information check: https://developer.mozilla.org/en-US/docs/Web/HTTP/Status/404
2026-05-20 06:58:34,925 HTTP Request: GET https://nsearchives.nseindia.com/products/content/sec_bhavdata_full_28082025.csv "HTTP/1.1 200 OK"
2026-05-20 06:58:35,237 2025-08-28: inserted=2932 unchanged=0 rows=2932
2026-05-20 06:58:37,497 HTTP Request: GET https://nsearchives.nseindia.com/products/content/sec_bhavdata_full_29082025.csv "HTTP/1.1 200 OK"
2026-05-20 06:58:37,840 2025-08-29: inserted=2946 unchanged=0 rows=2946
2026-05-20 06:58:40,061 HTTP Request: GET https://nsearchives.nseindia.com/products/content/sec_bhavdata_full_01092025.csv "HTTP/1.1 200 OK"
2026-05-20 06:58:40,228 2025-09-01: inserted=2996 unchanged=0 rows=2996
2026-05-20 06:58:42,453 HTTP Request: GET https://nsearchives.nseindia.com/products/content/sec_bhavdata_full_02092025.csv "HTTP/1.1 200 OK"
2026-05-20 06:58:42,685 2025-09-02: inserted=2967 unchanged=0 rows=2967
2026-05-20 06:58:44,876 HTTP Request: GET https://nsearchives.nseindia.com/products/content/sec_bhavdata_full_03092025.csv "HTTP/1.1 200 OK"
2026-05-20 06:58:45,195 2025-09-03: inserted=2981 unchanged=0 rows=2981
2026-05-20 06:58:48,586 HTTP Request: GET https://nsearchives.nseindia.com/products/content/sec_bhavdata_full_04092025.csv "HTTP/1.1 200 OK"
2026-05-20 06:58:48,743 2025-09-04: inserted=2982 unchanged=0 rows=2982
2026-05-20 06:58:51,303 HTTP Request: GET https://nsearchives.nseindia.com/products/content/sec_bhavdata_full_05092025.csv "HTTP/1.1 200 OK"
2026-05-20 06:58:51,464 2025-09-05: inserted=2973 unchanged=0 rows=2973
2026-05-20 06:58:53,773 HTTP Request: GET https://nsearchives.nseindia.com/products/content/sec_bhavdata_full_08092025.csv "HTTP/1.1 200 OK"
2026-05-20 06:58:54,021 2025-09-08: inserted=3003 unchanged=0 rows=3003
2026-05-20 06:58:56,224 HTTP Request: GET https://nsearchives.nseindia.com/products/content/sec_bhavdata_full_09092025.csv "HTTP/1.1 200 OK"
2026-05-20 06:58:56,448 2025-09-09: inserted=2972 unchanged=0 rows=2972
2026-05-20 06:58:58,826 HTTP Request: GET https://nsearchives.nseindia.com/products/content/sec_bhavdata_full_10092025.csv "HTTP/1.1 200 OK"
2026-05-20 06:58:59,266 2025-09-10: inserted=2980 unchanged=0 rows=2980
2026-05-20 06:59:01,823 HTTP Request: GET https://nsearchives.nseindia.com/products/content/sec_bhavdata_full_11092025.csv "HTTP/1.1 200 OK"
2026-05-20 06:59:02,164 2025-09-11: inserted=2982 unchanged=0 rows=2982
2026-05-20 06:59:04,592 HTTP Request: GET https://nsearchives.nseindia.com/products/content/sec_bhavdata_full_12092025.csv "HTTP/1.1 200 OK"
2026-05-20 06:59:05,402 2025-09-12: inserted=2986 unchanged=0 rows=2986
2026-05-20 06:59:07,694 HTTP Request: GET https://nsearchives.nseindia.com/products/content/sec_bhavdata_full_15092025.csv "HTTP/1.1 200 OK"
2026-05-20 06:59:07,943 2025-09-15: inserted=3020 unchanged=0 rows=3020
2026-05-20 06:59:10,206 HTTP Request: GET https://nsearchives.nseindia.com/products/content/sec_bhavdata_full_16092025.csv "HTTP/1.1 200 OK"
2026-05-20 06:59:10,607 2025-09-16: inserted=2979 unchanged=0 rows=2979
2026-05-20 06:59:12,973 HTTP Request: GET https://nsearchives.nseindia.com/products/content/sec_bhavdata_full_17092025.csv "HTTP/1.1 200 OK"
2026-05-20 06:59:13,324 2025-09-17: inserted=3007 unchanged=0 rows=3007
2026-05-20 06:59:15,537 HTTP Request: GET https://nsearchives.nseindia.com/products/content/sec_bhavdata_full_18092025.csv "HTTP/1.1 200 OK"
2026-05-20 06:59:15,725 2025-09-18: inserted=2984 unchanged=0 rows=2984
2026-05-20 06:59:18,092 HTTP Request: GET https://nsearchives.nseindia.com/products/content/sec_bhavdata_full_19092025.csv "HTTP/1.1 200 OK"
2026-05-20 06:59:18,394 2025-09-19: inserted=2979 unchanged=0 rows=2979
2026-05-20 06:59:20,674 HTTP Request: GET https://nsearchives.nseindia.com/products/content/sec_bhavdata_full_22092025.csv "HTTP/1.1 200 OK"
2026-05-20 06:59:20,890 2025-09-22: inserted=3039 unchanged=0 rows=3039
2026-05-20 06:59:23,271 HTTP Request: GET https://nsearchives.nseindia.com/products/content/sec_bhavdata_full_23092025.csv "HTTP/1.1 200 OK"
2026-05-20 06:59:23,489 2025-09-23: inserted=2982 unchanged=0 rows=2982
2026-05-20 06:59:25,840 HTTP Request: GET https://nsearchives.nseindia.com/products/content/sec_bhavdata_full_24092025.csv "HTTP/1.1 200 OK"
2026-05-20 06:59:26,123 2025-09-24: inserted=2990 unchanged=0 rows=2990
2026-05-20 06:59:28,572 HTTP Request: GET https://nsearchives.nseindia.com/products/content/sec_bhavdata_full_25092025.csv "HTTP/1.1 200 OK"
2026-05-20 06:59:28,756 2025-09-25: inserted=2980 unchanged=0 rows=2980
2026-05-20 06:59:31,064 HTTP Request: GET https://nsearchives.nseindia.com/products/content/sec_bhavdata_full_26092025.csv "HTTP/1.1 200 OK"
2026-05-20 06:59:31,837 2025-09-26: inserted=2994 unchanged=0 rows=2994
2026-05-20 06:59:34,028 HTTP Request: GET https://nsearchives.nseindia.com/products/content/sec_bhavdata_full_29092025.csv "HTTP/1.1 200 OK"
2026-05-20 06:59:34,292 2025-09-29: inserted=3022 unchanged=0 rows=3022
2026-05-20 06:59:36,520 HTTP Request: GET https://nsearchives.nseindia.com/products/content/sec_bhavdata_full_30092025.csv "HTTP/1.1 200 OK"
2026-05-20 06:59:36,793 2025-09-30: inserted=2985 unchanged=0 rows=2985
2026-05-20 06:59:39,122 HTTP Request: GET https://nsearchives.nseindia.com/products/content/sec_bhavdata_full_01102025.csv "HTTP/1.1 200 OK"
2026-05-20 06:59:39,430 2025-10-01: inserted=3008 unchanged=0 rows=3008
2026-05-20 06:59:41,560 HTTP Request: GET https://nsearchives.nseindia.com/products/content/sec_bhavdata_full_02102025.csv "HTTP/1.1 404 Not Found"
2026-05-20 06:59:41,592 FAILED 2025-10-02: bhavcopy_cm: Client error '404 Not Found' for url 'https://nsearchives.nseindia.com/products/content/sec_bhavdata_full_02102025.csv'
For more information check: https://developer.mozilla.org/en-US/docs/Web/HTTP/Status/404
2026-05-20 06:59:43,833 HTTP Request: GET https://nsearchives.nseindia.com/products/content/sec_bhavdata_full_03102025.csv "HTTP/1.1 200 OK"
2026-05-20 06:59:44,072 2025-10-03: inserted=3036 unchanged=0 rows=3036
2026-05-20 06:59:47,232 HTTP Request: GET https://nsearchives.nseindia.com/products/content/sec_bhavdata_full_06102025.csv "HTTP/1.1 200 OK"
2026-05-20 06:59:47,397 2025-10-06: inserted=3045 unchanged=0 rows=3045
2026-05-20 06:59:49,712 HTTP Request: GET https://nsearchives.nseindia.com/products/content/sec_bhavdata_full_07102025.csv "HTTP/1.1 200 OK"
2026-05-20 06:59:50,604 2025-10-07: inserted=3020 unchanged=0 rows=3020
2026-05-20 06:59:53,060 HTTP Request: GET https://nsearchives.nseindia.com/products/content/sec_bhavdata_full_08102025.csv "HTTP/1.1 200 OK"
2026-05-20 06:59:53,556 2025-10-08: inserted=3026 unchanged=0 rows=3026
2026-05-20 06:59:55,817 HTTP Request: GET https://nsearchives.nseindia.com/products/content/sec_bhavdata_full_09102025.csv "HTTP/1.1 200 OK"
2026-05-20 06:59:56,095 2025-10-09: inserted=3026 unchanged=0 rows=3026
2026-05-20 06:59:58,387 HTTP Request: GET https://nsearchives.nseindia.com/products/content/sec_bhavdata_full_10102025.csv "HTTP/1.1 200 OK"
2026-05-20 06:59:59,065 2025-10-10: inserted=3019 unchanged=0 rows=3019
2026-05-20 07:00:01,467 HTTP Request: GET https://nsearchives.nseindia.com/products/content/sec_bhavdata_full_13102025.csv "HTTP/1.1 200 OK"
2026-05-20 07:00:01,734 2025-10-13: inserted=3038 unchanged=0 rows=3038
2026-05-20 07:00:04,047 HTTP Request: GET https://nsearchives.nseindia.com/products/content/sec_bhavdata_full_14102025.csv "HTTP/1.1 200 OK"
2026-05-20 07:00:04,262 2025-10-14: inserted=3044 unchanged=0 rows=3044
2026-05-20 07:00:06,471 HTTP Request: GET https://nsearchives.nseindia.com/products/content/sec_bhavdata_full_15102025.csv "HTTP/1.1 200 OK"
2026-05-20 07:00:07,198 2025-10-15: inserted=3035 unchanged=0 rows=3035
2026-05-20 07:00:09,371 HTTP Request: GET https://nsearchives.nseindia.com/products/content/sec_bhavdata_full_16102025.csv "HTTP/1.1 200 OK"
2026-05-20 07:00:09,621 2025-10-16: inserted=3045 unchanged=0 rows=3045
2026-05-20 07:00:11,811 HTTP Request: GET https://nsearchives.nseindia.com/products/content/sec_bhavdata_full_17102025.csv "HTTP/1.1 200 OK"
2026-05-20 07:00:12,029 2025-10-17: inserted=3019 unchanged=0 rows=3019
2026-05-20 07:00:14,388 HTTP Request: GET https://nsearchives.nseindia.com/products/content/sec_bhavdata_full_20102025.csv "HTTP/1.1 200 OK"
2026-05-20 07:00:14,598 2025-10-20: inserted=3066 unchanged=0 rows=3066
2026-05-20 07:00:16,778 HTTP Request: GET https://nsearchives.nseindia.com/products/content/sec_bhavdata_full_21102025.csv "HTTP/1.1 200 OK"
2026-05-20 07:00:17,064 2025-10-21: inserted=2953 unchanged=0 rows=2953
2026-05-20 07:00:19,326 HTTP Request: GET https://nsearchives.nseindia.com/products/content/sec_bhavdata_full_22102025.csv "HTTP/1.1 200 OK"
2026-05-20 07:00:19,506 2025-10-22: inserted=2953 unchanged=0 rows=2953
2026-05-20 07:00:21,943 HTTP Request: GET https://nsearchives.nseindia.com/products/content/sec_bhavdata_full_23102025.csv "HTTP/1.1 200 OK"
2026-05-20 07:00:22,299 2025-10-23: inserted=3048 unchanged=0 rows=3048
2026-05-20 07:00:24,637 HTTP Request: GET https://nsearchives.nseindia.com/products/content/sec_bhavdata_full_24102025.csv "HTTP/1.1 200 OK"
2026-05-20 07:00:24,876 2025-10-24: inserted=3036 unchanged=0 rows=3036
2026-05-20 07:00:27,276 HTTP Request: GET https://nsearchives.nseindia.com/products/content/sec_bhavdata_full_27102025.csv "HTTP/1.1 200 OK"
2026-05-20 07:00:27,523 2025-10-27: inserted=3080 unchanged=0 rows=3080
2026-05-20 07:00:29,889 HTTP Request: GET https://nsearchives.nseindia.com/products/content/sec_bhavdata_full_28102025.csv "HTTP/1.1 200 OK"
2026-05-20 07:00:30,728 2025-10-28: inserted=3052 unchanged=0 rows=3052
2026-05-20 07:00:33,093 HTTP Request: GET https://nsearchives.nseindia.com/products/content/sec_bhavdata_full_29102025.csv "HTTP/1.1 200 OK"
2026-05-20 07:00:33,488 2025-10-29: inserted=3035 unchanged=0 rows=3035
2026-05-20 07:00:35,903 HTTP Request: GET https://nsearchives.nseindia.com/products/content/sec_bhavdata_full_30102025.csv "HTTP/1.1 200 OK"
2026-05-20 07:00:36,356 2025-10-30: inserted=3035 unchanged=0 rows=3035
2026-05-20 07:00:38,958 HTTP Request: GET https://nsearchives.nseindia.com/products/content/sec_bhavdata_full_31102025.csv "HTTP/1.1 200 OK"
2026-05-20 07:00:39,544 2025-10-31: inserted=3038 unchanged=0 rows=3038
2026-05-20 07:00:42,111 HTTP Request: GET https://nsearchives.nseindia.com/products/content/sec_bhavdata_full_03112025.csv "HTTP/1.1 200 OK"
2026-05-20 07:00:42,483 2025-11-03: inserted=3053 unchanged=0 rows=3053
2026-05-20 07:00:44,908 HTTP Request: GET https://nsearchives.nseindia.com/products/content/sec_bhavdata_full_04112025.csv "HTTP/1.1 200 OK"
2026-05-20 07:00:46,122 2025-11-04: inserted=3039 unchanged=0 rows=3039
2026-05-20 07:00:48,642 HTTP Request: GET https://nsearchives.nseindia.com/products/content/sec_bhavdata_full_05112025.csv "HTTP/1.1 200 OK"
2026-05-20 07:00:49,237 2025-11-05: inserted=3039 unchanged=0 rows=3039
2026-05-20 07:00:51,522 HTTP Request: GET https://nsearchives.nseindia.com/products/content/sec_bhavdata_full_06112025.csv "HTTP/1.1 200 OK"
2026-05-20 07:00:52,312 2025-11-06: inserted=3043 unchanged=0 rows=3043
2026-05-20 07:00:54,601 HTTP Request: GET https://nsearchives.nseindia.com/products/content/sec_bhavdata_full_07112025.csv "HTTP/1.1 200 OK"
2026-05-20 07:00:55,045 2025-11-07: inserted=3033 unchanged=0 rows=3033
2026-05-20 07:00:57,489 HTTP Request: GET https://nsearchives.nseindia.com/products/content/sec_bhavdata_full_10112025.csv "HTTP/1.1 200 OK"
2026-05-20 07:00:57,954 2025-11-10: inserted=3065 unchanged=0 rows=3065
2026-05-20 07:01:00,303 HTTP Request: GET https://nsearchives.nseindia.com/products/content/sec_bhavdata_full_11112025.csv "HTTP/1.1 200 OK"
2026-05-20 07:01:00,925 2025-11-11: inserted=3048 unchanged=0 rows=3048
2026-05-20 07:01:03,249 HTTP Request: GET https://nsearchives.nseindia.com/products/content/sec_bhavdata_full_12112025.csv "HTTP/1.1 200 OK"
2026-05-20 07:01:03,517 2025-11-12: inserted=3048 unchanged=0 rows=3048
2026-05-20 07:01:06,180 HTTP Request: GET https://nsearchives.nseindia.com/products/content/sec_bhavdata_full_13112025.csv "HTTP/1.1 200 OK"
2026-05-20 07:01:06,708 2025-11-13: inserted=3041 unchanged=0 rows=3041
2026-05-20 07:01:09,204 HTTP Request: GET https://nsearchives.nseindia.com/products/content/sec_bhavdata_full_14112025.csv "HTTP/1.1 200 OK"
2026-05-20 07:01:10,021 2025-11-14: inserted=3050 unchanged=0 rows=3050
2026-05-20 07:01:12,187 HTTP Request: GET https://nsearchives.nseindia.com/products/content/sec_bhavdata_full_17112025.csv "HTTP/1.1 200 OK"
2026-05-20 07:01:12,466 2025-11-17: inserted=3087 unchanged=0 rows=3087
2026-05-20 07:01:14,905 HTTP Request: GET https://nsearchives.nseindia.com/products/content/sec_bhavdata_full_18112025.csv "HTTP/1.1 200 OK"
2026-05-20 07:01:15,247 2025-11-18: inserted=3048 unchanged=0 rows=3048
2026-05-20 07:01:17,614 HTTP Request: GET https://nsearchives.nseindia.com/products/content/sec_bhavdata_full_19112025.csv "HTTP/1.1 200 OK"
2026-05-20 07:01:17,782 2025-11-19: inserted=3049 unchanged=0 rows=3049
2026-05-20 07:01:20,203 HTTP Request: GET https://nsearchives.nseindia.com/products/content/sec_bhavdata_full_20112025.csv "HTTP/1.1 200 OK"
2026-05-20 07:01:20,548 2025-11-20: inserted=3046 unchanged=0 rows=3046
2026-05-20 07:01:22,750 HTTP Request: GET https://nsearchives.nseindia.com/products/content/sec_bhavdata_full_21112025.csv "HTTP/1.1 200 OK"
2026-05-20 07:01:23,007 2025-11-21: inserted=3038 unchanged=0 rows=3038
2026-05-20 07:01:25,327 HTTP Request: GET https://nsearchives.nseindia.com/products/content/sec_bhavdata_full_24112025.csv "HTTP/1.1 200 OK"
2026-05-20 07:01:25,527 2025-11-24: inserted=3070 unchanged=0 rows=3070
2026-05-20 07:01:27,793 HTTP Request: GET https://nsearchives.nseindia.com/products/content/sec_bhavdata_full_25112025.csv "HTTP/1.1 200 OK"
2026-05-20 07:01:28,171 2025-11-25: inserted=3052 unchanged=0 rows=3052
2026-05-20 07:01:30,543 HTTP Request: GET https://nsearchives.nseindia.com/products/content/sec_bhavdata_full_26112025.csv "HTTP/1.1 200 OK"
2026-05-20 07:01:30,775 2025-11-26: inserted=3046 unchanged=0 rows=3046
2026-05-20 07:01:33,417 HTTP Request: GET https://nsearchives.nseindia.com/products/content/sec_bhavdata_full_27112025.csv "HTTP/1.1 200 OK"
2026-05-20 07:01:33,664 2025-11-27: inserted=3050 unchanged=0 rows=3050
2026-05-20 07:01:36,100 HTTP Request: GET https://nsearchives.nseindia.com/products/content/sec_bhavdata_full_28112025.csv "HTTP/1.1 200 OK"
2026-05-20 07:01:36,763 2025-11-28: inserted=3052 unchanged=0 rows=3052
2026-05-20 07:01:39,072 HTTP Request: GET https://nsearchives.nseindia.com/products/content/sec_bhavdata_full_01122025.csv "HTTP/1.1 200 OK"
2026-05-20 07:01:39,306 2025-12-01: inserted=3086 unchanged=0 rows=3086
2026-05-20 07:01:41,717 HTTP Request: GET https://nsearchives.nseindia.com/products/content/sec_bhavdata_full_02122025.csv "HTTP/1.1 200 OK"
2026-05-20 07:01:42,073 2025-12-02: inserted=3050 unchanged=0 rows=3050
2026-05-20 07:01:44,463 HTTP Request: GET https://nsearchives.nseindia.com/products/content/sec_bhavdata_full_03122025.csv "HTTP/1.1 200 OK"
2026-05-20 07:01:44,724 2025-12-03: inserted=3070 unchanged=0 rows=3070
2026-05-20 07:01:46,994 HTTP Request: GET https://nsearchives.nseindia.com/products/content/sec_bhavdata_full_04122025.csv "HTTP/1.1 200 OK"
2026-05-20 07:01:47,428 2025-12-04: inserted=3062 unchanged=0 rows=3062
2026-05-20 07:01:49,689 HTTP Request: GET https://nsearchives.nseindia.com/products/content/sec_bhavdata_full_05122025.csv "HTTP/1.1 200 OK"
2026-05-20 07:01:50,004 2025-12-05: inserted=3039 unchanged=0 rows=3039
2026-05-20 07:01:52,487 HTTP Request: GET https://nsearchives.nseindia.com/products/content/sec_bhavdata_full_08122025.csv "HTTP/1.1 200 OK"
2026-05-20 07:01:52,731 2025-12-08: inserted=3101 unchanged=0 rows=3101
2026-05-20 07:01:55,116 HTTP Request: GET https://nsearchives.nseindia.com/products/content/sec_bhavdata_full_09122025.csv "HTTP/1.1 200 OK"
2026-05-20 07:01:55,359 2025-12-09: inserted=3066 unchanged=0 rows=3066
2026-05-20 07:01:57,671 HTTP Request: GET https://nsearchives.nseindia.com/products/content/sec_bhavdata_full_10122025.csv "HTTP/1.1 200 OK"
2026-05-20 07:01:57,892 2025-12-10: inserted=3054 unchanged=0 rows=3054
2026-05-20 07:02:00,231 HTTP Request: GET https://nsearchives.nseindia.com/products/content/sec_bhavdata_full_11122025.csv "HTTP/1.1 200 OK"
2026-05-20 07:02:00,438 2025-12-11: inserted=3053 unchanged=0 rows=3053
2026-05-20 07:02:02,805 HTTP Request: GET https://nsearchives.nseindia.com/products/content/sec_bhavdata_full_12122025.csv "HTTP/1.1 200 OK"
2026-05-20 07:02:03,870 2025-12-12: inserted=3056 unchanged=0 rows=3056
2026-05-20 07:02:06,223 HTTP Request: GET https://nsearchives.nseindia.com/products/content/sec_bhavdata_full_15122025.csv "HTTP/1.1 200 OK"
2026-05-20 07:02:06,676 2025-12-15: inserted=3080 unchanged=0 rows=3080
2026-05-20 07:02:09,136 HTTP Request: GET https://nsearchives.nseindia.com/products/content/sec_bhavdata_full_16122025.csv "HTTP/1.1 200 OK"
2026-05-20 07:02:09,392 2025-12-16: inserted=3063 unchanged=0 rows=3063
2026-05-20 07:02:11,684 HTTP Request: GET https://nsearchives.nseindia.com/products/content/sec_bhavdata_full_17122025.csv "HTTP/1.1 200 OK"
2026-05-20 07:02:11,912 2025-12-17: inserted=3073 unchanged=0 rows=3073
2026-05-20 07:02:14,175 HTTP Request: GET https://nsearchives.nseindia.com/products/content/sec_bhavdata_full_18122025.csv "HTTP/1.1 200 OK"
2026-05-20 07:02:14,374 2025-12-18: inserted=3061 unchanged=0 rows=3061
2026-05-20 07:02:16,619 HTTP Request: GET https://nsearchives.nseindia.com/products/content/sec_bhavdata_full_19122025.csv "HTTP/1.1 200 OK"
2026-05-20 07:02:16,938 2025-12-19: inserted=3064 unchanged=0 rows=3064
2026-05-20 07:02:19,121 HTTP Request: GET https://nsearchives.nseindia.com/products/content/sec_bhavdata_full_22122025.csv "HTTP/1.1 200 OK"
2026-05-20 07:02:19,383 2025-12-22: inserted=3107 unchanged=0 rows=3107
2026-05-20 07:02:21,776 HTTP Request: GET https://nsearchives.nseindia.com/products/content/sec_bhavdata_full_23122025.csv "HTTP/1.1 200 OK"
2026-05-20 07:02:22,257 2025-12-23: inserted=3094 unchanged=0 rows=3094
2026-05-20 07:02:24,530 HTTP Request: GET https://nsearchives.nseindia.com/products/content/sec_bhavdata_full_24122025.csv "HTTP/1.1 200 OK"
2026-05-20 07:02:24,813 2025-12-24: inserted=3090 unchanged=0 rows=3090
2026-05-20 07:02:27,241 HTTP Request: GET https://nsearchives.nseindia.com/products/content/sec_bhavdata_full_25122025.csv "HTTP/1.1 200 OK"
2026-05-20 07:02:28,373 2025-12-25: inserted=3090 unchanged=0 rows=3090
2026-05-20 07:02:30,725 HTTP Request: GET https://nsearchives.nseindia.com/products/content/sec_bhavdata_full_26122025.csv "HTTP/1.1 200 OK"
2026-05-20 07:02:31,006 2025-12-26: inserted=3092 unchanged=0 rows=3092
2026-05-20 07:02:33,280 HTTP Request: GET https://nsearchives.nseindia.com/products/content/sec_bhavdata_full_29122025.csv "HTTP/1.1 200 OK"
2026-05-20 07:02:33,508 2025-12-29: inserted=3123 unchanged=0 rows=3123
2026-05-20 07:02:35,739 HTTP Request: GET https://nsearchives.nseindia.com/products/content/sec_bhavdata_full_30122025.csv "HTTP/1.1 200 OK"
2026-05-20 07:02:36,464 2025-12-30: inserted=3091 unchanged=0 rows=3091
2026-05-20 07:02:38,843 HTTP Request: GET https://nsearchives.nseindia.com/products/content/sec_bhavdata_full_31122025.csv "HTTP/1.1 200 OK"
2026-05-20 07:02:39,034 2025-12-31: inserted=3088 unchanged=0 rows=3088
2026-05-20 07:02:41,244 HTTP Request: GET https://nsearchives.nseindia.com/products/content/sec_bhavdata_full_01012026.csv "HTTP/1.1 200 OK"
2026-05-20 07:02:41,445 2026-01-01: inserted=3078 unchanged=0 rows=3078
2026-05-20 07:02:43,715 HTTP Request: GET https://nsearchives.nseindia.com/products/content/sec_bhavdata_full_02012026.csv "HTTP/1.1 200 OK"
2026-05-20 07:02:44,156 2026-01-02: inserted=3069 unchanged=0 rows=3069
2026-05-20 07:02:46,401 HTTP Request: GET https://nsearchives.nseindia.com/products/content/sec_bhavdata_full_05012026.csv "HTTP/1.1 200 OK"
2026-05-20 07:02:46,753 2026-01-05: inserted=3102 unchanged=0 rows=3102
2026-05-20 07:02:48,962 HTTP Request: GET https://nsearchives.nseindia.com/products/content/sec_bhavdata_full_06012026.csv "HTTP/1.1 200 OK"
2026-05-20 07:02:49,249 2026-01-06: inserted=3074 unchanged=0 rows=3074
2026-05-20 07:02:51,522 HTTP Request: GET https://nsearchives.nseindia.com/products/content/sec_bhavdata_full_07012026.csv "HTTP/1.1 200 OK"
2026-05-20 07:02:51,803 2026-01-07: inserted=3089 unchanged=0 rows=3089
2026-05-20 07:02:54,103 HTTP Request: GET https://nsearchives.nseindia.com/products/content/sec_bhavdata_full_08012026.csv "HTTP/1.1 200 OK"
2026-05-20 07:02:54,398 2026-01-08: inserted=3092 unchanged=0 rows=3092
2026-05-20 07:02:56,733 HTTP Request: GET https://nsearchives.nseindia.com/products/content/sec_bhavdata_full_09012026.csv "HTTP/1.1 200 OK"
2026-05-20 07:02:57,003 2026-01-09: inserted=3079 unchanged=0 rows=3079
2026-05-20 07:02:59,231 HTTP Request: GET https://nsearchives.nseindia.com/products/content/sec_bhavdata_full_12012026.csv "HTTP/1.1 200 OK"
2026-05-20 07:02:59,435 2026-01-12: inserted=3090 unchanged=0 rows=3090
2026-05-20 07:03:01,711 HTTP Request: GET https://nsearchives.nseindia.com/products/content/sec_bhavdata_full_13012026.csv "HTTP/1.1 200 OK"
2026-05-20 07:03:01,958 2026-01-13: inserted=3081 unchanged=0 rows=3081
2026-05-20 07:03:04,231 HTTP Request: GET https://nsearchives.nseindia.com/products/content/sec_bhavdata_full_14012026.csv "HTTP/1.1 200 OK"
2026-05-20 07:03:04,448 2026-01-14: inserted=3080 unchanged=0 rows=3080
2026-05-20 07:03:07,130 HTTP Request: GET https://nsearchives.nseindia.com/products/content/sec_bhavdata_full_15012026.csv "HTTP/1.1 200 OK"
2026-05-20 07:03:07,512 2026-01-15: inserted=3080 unchanged=0 rows=3080
2026-05-20 07:03:09,712 HTTP Request: GET https://nsearchives.nseindia.com/products/content/sec_bhavdata_full_16012026.csv "HTTP/1.1 200 OK"
2026-05-20 07:03:09,999 2026-01-16: inserted=3098 unchanged=0 rows=3098
2026-05-20 07:03:12,225 HTTP Request: GET https://nsearchives.nseindia.com/products/content/sec_bhavdata_full_19012026.csv "HTTP/1.1 200 OK"
2026-05-20 07:03:12,475 2026-01-19: inserted=3115 unchanged=0 rows=3115
2026-05-20 07:03:14,805 HTTP Request: GET https://nsearchives.nseindia.com/products/content/sec_bhavdata_full_20012026.csv "HTTP/1.1 200 OK"
2026-05-20 07:03:15,044 2026-01-20: inserted=3120 unchanged=0 rows=3120
2026-05-20 07:03:17,406 HTTP Request: GET https://nsearchives.nseindia.com/products/content/sec_bhavdata_full_21012026.csv "HTTP/1.1 200 OK"
2026-05-20 07:03:17,624 2026-01-21: inserted=3118 unchanged=0 rows=3118
2026-05-20 07:03:19,942 HTTP Request: GET https://nsearchives.nseindia.com/products/content/sec_bhavdata_full_22012026.csv "HTTP/1.1 200 OK"
2026-05-20 07:03:20,210 2026-01-22: inserted=3102 unchanged=0 rows=3102
2026-05-20 07:03:22,448 HTTP Request: GET https://nsearchives.nseindia.com/products/content/sec_bhavdata_full_23012026.csv "HTTP/1.1 200 OK"
2026-05-20 07:03:22,742 2026-01-23: inserted=3102 unchanged=0 rows=3102
2026-05-20 07:03:25,117 HTTP Request: GET https://nsearchives.nseindia.com/products/content/sec_bhavdata_full_27012026.csv "HTTP/1.1 200 OK"
2026-05-20 07:03:25,326 2026-01-27: inserted=3128 unchanged=0 rows=3128
2026-05-20 07:03:27,541 HTTP Request: GET https://nsearchives.nseindia.com/products/content/sec_bhavdata_full_28012026.csv "HTTP/1.1 200 OK"
2026-05-20 07:03:27,958 2026-01-28: inserted=3100 unchanged=0 rows=3100
2026-05-20 07:03:30,332 HTTP Request: GET https://nsearchives.nseindia.com/products/content/sec_bhavdata_full_29012026.csv "HTTP/1.1 200 OK"
2026-05-20 07:03:30,572 2026-01-29: inserted=3119 unchanged=0 rows=3119
2026-05-20 07:03:32,854 HTTP Request: GET https://nsearchives.nseindia.com/products/content/sec_bhavdata_full_30012026.csv "HTTP/1.1 200 OK"
2026-05-20 07:03:33,092 2026-01-30: inserted=3103 unchanged=0 rows=3103
2026-05-20 07:03:35,408 HTTP Request: GET https://nsearchives.nseindia.com/products/content/sec_bhavdata_full_02022026.csv "HTTP/1.1 200 OK"
2026-05-20 07:03:35,765 2026-02-02: inserted=3102 unchanged=0 rows=3102
2026-05-20 07:03:38,054 HTTP Request: GET https://nsearchives.nseindia.com/products/content/sec_bhavdata_full_03022026.csv "HTTP/1.1 200 OK"
2026-05-20 07:03:38,253 2026-02-03: inserted=3124 unchanged=0 rows=3124
2026-05-20 07:03:40,531 HTTP Request: GET https://nsearchives.nseindia.com/products/content/sec_bhavdata_full_04022026.csv "HTTP/1.1 200 OK"
2026-05-20 07:03:40,830 2026-02-04: inserted=3105 unchanged=0 rows=3105
2026-05-20 07:03:43,198 HTTP Request: GET https://nsearchives.nseindia.com/products/content/sec_bhavdata_full_05022026.csv "HTTP/1.1 200 OK"
2026-05-20 07:03:43,521 2026-02-05: inserted=3087 unchanged=0 rows=3087
2026-05-20 07:03:45,966 HTTP Request: GET https://nsearchives.nseindia.com/products/content/sec_bhavdata_full_06022026.csv "HTTP/1.1 200 OK"
2026-05-20 07:03:46,285 2026-02-06: inserted=3070 unchanged=0 rows=3070
2026-05-20 07:03:48,613 HTTP Request: GET https://nsearchives.nseindia.com/products/content/sec_bhavdata_full_09022026.csv "HTTP/1.1 200 OK"
2026-05-20 07:03:49,008 2026-02-09: inserted=3127 unchanged=0 rows=3127
2026-05-20 07:03:51,241 HTTP Request: GET https://nsearchives.nseindia.com/products/content/sec_bhavdata_full_10022026.csv "HTTP/1.1 200 OK"
2026-05-20 07:03:51,497 2026-02-10: inserted=3108 unchanged=0 rows=3108
2026-05-20 07:03:53,770 HTTP Request: GET https://nsearchives.nseindia.com/products/content/sec_bhavdata_full_11022026.csv "HTTP/1.1 200 OK"
2026-05-20 07:03:53,963 2026-02-11: inserted=3093 unchanged=0 rows=3093
2026-05-20 07:03:56,231 HTTP Request: GET https://nsearchives.nseindia.com/products/content/sec_bhavdata_full_12022026.csv "HTTP/1.1 200 OK"
2026-05-20 07:03:57,080 2026-02-12: inserted=3101 unchanged=0 rows=3101
2026-05-20 07:03:59,209 HTTP Request: GET https://nsearchives.nseindia.com/products/content/sec_bhavdata_full_13022026.csv "HTTP/1.1 200 OK"
2026-05-20 07:03:59,485 2026-02-13: inserted=3088 unchanged=0 rows=3088
2026-05-20 07:04:01,605 HTTP Request: GET https://nsearchives.nseindia.com/products/content/sec_bhavdata_full_16022026.csv "HTTP/1.1 200 OK"
2026-05-20 07:04:03,112 2026-02-16: inserted=3116 unchanged=0 rows=3116
2026-05-20 07:04:05,296 HTTP Request: GET https://nsearchives.nseindia.com/products/content/sec_bhavdata_full_17022026.csv "HTTP/1.1 200 OK"
2026-05-20 07:04:05,625 2026-02-17: inserted=3095 unchanged=0 rows=3095
2026-05-20 07:04:07,839 HTTP Request: GET https://nsearchives.nseindia.com/products/content/sec_bhavdata_full_18022026.csv "HTTP/1.1 200 OK"
2026-05-20 07:04:08,076 2026-02-18: inserted=3120 unchanged=0 rows=3120
2026-05-20 07:04:10,318 HTTP Request: GET https://nsearchives.nseindia.com/products/content/sec_bhavdata_full_19022026.csv "HTTP/1.1 200 OK"
2026-05-20 07:04:10,794 2026-02-19: inserted=3109 unchanged=0 rows=3109
2026-05-20 07:04:12,995 HTTP Request: GET https://nsearchives.nseindia.com/products/content/sec_bhavdata_full_20022026.csv "HTTP/1.1 200 OK"
2026-05-20 07:04:13,686 2026-02-20: inserted=3099 unchanged=0 rows=3099
2026-05-20 07:04:15,900 HTTP Request: GET https://nsearchives.nseindia.com/products/content/sec_bhavdata_full_23022026.csv "HTTP/1.1 200 OK"
2026-05-20 07:04:16,157 2026-02-23: inserted=3128 unchanged=0 rows=3128
2026-05-20 07:04:18,429 HTTP Request: GET https://nsearchives.nseindia.com/products/content/sec_bhavdata_full_24022026.csv "HTTP/1.1 200 OK"
2026-05-20 07:04:19,002 2026-02-24: inserted=3121 unchanged=0 rows=3121
2026-05-20 07:04:21,237 HTTP Request: GET https://nsearchives.nseindia.com/products/content/sec_bhavdata_full_25022026.csv "HTTP/1.1 200 OK"
2026-05-20 07:04:21,549 2026-02-25: inserted=3125 unchanged=0 rows=3125
2026-05-20 07:04:23,936 HTTP Request: GET https://nsearchives.nseindia.com/products/content/sec_bhavdata_full_26022026.csv "HTTP/1.1 200 OK"
2026-05-20 07:04:24,205 2026-02-26: inserted=3112 unchanged=0 rows=3112
2026-05-20 07:04:26,721 HTTP Request: GET https://nsearchives.nseindia.com/products/content/sec_bhavdata_full_27022026.csv "HTTP/1.1 200 OK"
2026-05-20 07:04:26,995 2026-02-27: inserted=3083 unchanged=0 rows=3083
2026-05-20 07:04:29,283 HTTP Request: GET https://nsearchives.nseindia.com/products/content/sec_bhavdata_full_02032026.csv "HTTP/1.1 200 OK"
2026-05-20 07:04:29,815 2026-03-02: inserted=3141 unchanged=0 rows=3141
2026-05-20 07:04:32,332 HTTP Request: GET https://nsearchives.nseindia.com/products/content/sec_bhavdata_full_04032026.csv "HTTP/1.1 200 OK"
2026-05-20 07:04:33,104 2026-03-04: inserted=3147 unchanged=0 rows=3147
2026-05-20 07:04:35,370 HTTP Request: GET https://nsearchives.nseindia.com/products/content/sec_bhavdata_full_05032026.csv "HTTP/1.1 200 OK"
2026-05-20 07:04:35,620 2026-03-05: inserted=3141 unchanged=0 rows=3141
2026-05-20 07:04:37,968 HTTP Request: GET https://nsearchives.nseindia.com/products/content/sec_bhavdata_full_06032026.csv "HTTP/1.1 200 OK"
2026-05-20 07:04:38,331 2026-03-06: inserted=3126 unchanged=0 rows=3126
2026-05-20 07:04:40,517 HTTP Request: GET https://nsearchives.nseindia.com/products/content/sec_bhavdata_full_09032026.csv "HTTP/1.1 200 OK"
2026-05-20 07:04:40,822 2026-03-09: inserted=3160 unchanged=0 rows=3160
2026-05-20 07:04:43,272 HTTP Request: GET https://nsearchives.nseindia.com/products/content/sec_bhavdata_full_10032026.csv "HTTP/1.1 200 OK"
2026-05-20 07:04:43,519 2026-03-10: inserted=3124 unchanged=0 rows=3124
2026-05-20 07:04:45,939 HTTP Request: GET https://nsearchives.nseindia.com/products/content/sec_bhavdata_full_11032026.csv "HTTP/1.1 200 OK"
2026-05-20 07:04:46,688 2026-03-11: inserted=3130 unchanged=0 rows=3130
2026-05-20 07:04:48,975 HTTP Request: GET https://nsearchives.nseindia.com/products/content/sec_bhavdata_full_12032026.csv "HTTP/1.1 200 OK"
2026-05-20 07:04:49,983 2026-03-12: inserted=3138 unchanged=0 rows=3138
2026-05-20 07:04:52,266 HTTP Request: GET https://nsearchives.nseindia.com/products/content/sec_bhavdata_full_13032026.csv "HTTP/1.1 200 OK"
2026-05-20 07:04:52,614 2026-03-13: inserted=3141 unchanged=0 rows=3141
2026-05-20 07:04:55,168 HTTP Request: GET https://nsearchives.nseindia.com/products/content/sec_bhavdata_full_16032026.csv "HTTP/1.1 200 OK"
2026-05-20 07:04:55,450 2026-03-16: inserted=3177 unchanged=0 rows=3177
2026-05-20 07:04:57,780 HTTP Request: GET https://nsearchives.nseindia.com/products/content/sec_bhavdata_full_17032026.csv "HTTP/1.1 200 OK"
2026-05-20 07:04:58,027 2026-03-17: inserted=3148 unchanged=0 rows=3148
2026-05-20 07:05:00,311 HTTP Request: GET https://nsearchives.nseindia.com/products/content/sec_bhavdata_full_18032026.csv "HTTP/1.1 200 OK"
2026-05-20 07:05:00,558 2026-03-18: inserted=3161 unchanged=0 rows=3161
2026-05-20 07:05:02,858 HTTP Request: GET https://nsearchives.nseindia.com/products/content/sec_bhavdata_full_20032026.csv "HTTP/1.1 200 OK"
2026-05-20 07:05:03,199 2026-03-20: inserted=3165 unchanged=0 rows=3165
2026-05-20 07:05:05,784 HTTP Request: GET https://nsearchives.nseindia.com/products/content/sec_bhavdata_full_23032026.csv "HTTP/1.1 200 OK"
2026-05-20 07:05:05,991 2026-03-23: inserted=3211 unchanged=0 rows=3211
2026-05-20 07:05:08,296 HTTP Request: GET https://nsearchives.nseindia.com/products/content/sec_bhavdata_full_24032026.csv "HTTP/1.1 200 OK"
2026-05-20 07:05:08,567 2026-03-24: inserted=3187 unchanged=0 rows=3187
2026-05-20 07:05:10,803 HTTP Request: GET https://nsearchives.nseindia.com/products/content/sec_bhavdata_full_25032026.csv "HTTP/1.1 200 OK"
2026-05-20 07:05:11,027 2026-03-25: inserted=3190 unchanged=0 rows=3190
2026-05-20 07:05:13,341 HTTP Request: GET https://nsearchives.nseindia.com/products/content/sec_bhavdata_full_26032026.csv "HTTP/1.1 200 OK"
2026-05-20 07:05:13,572 2026-03-26: inserted=3190 unchanged=0 rows=3190
2026-05-20 07:05:16,081 HTTP Request: GET https://nsearchives.nseindia.com/products/content/sec_bhavdata_full_27032026.csv "HTTP/1.1 200 OK"
2026-05-20 07:05:16,326 2026-03-27: inserted=3203 unchanged=0 rows=3203
2026-05-20 07:05:18,696 HTTP Request: GET https://nsearchives.nseindia.com/products/content/sec_bhavdata_full_30032026.csv "HTTP/1.1 200 OK"
2026-05-20 07:05:19,622 2026-03-30: inserted=3228 unchanged=0 rows=3228
2026-05-20 07:05:21,899 HTTP Request: GET https://nsearchives.nseindia.com/products/content/sec_bhavdata_full_01042026.csv "HTTP/1.1 200 OK"
2026-05-20 07:05:22,507 2026-04-01: inserted=3156 unchanged=0 rows=3156
2026-05-20 07:05:24,732 HTTP Request: GET https://nsearchives.nseindia.com/products/content/sec_bhavdata_full_02042026.csv "HTTP/1.1 200 OK"
2026-05-20 07:05:25,106 2026-04-02: inserted=3150 unchanged=0 rows=3150
2026-05-20 07:05:27,808 HTTP Request: GET https://nsearchives.nseindia.com/products/content/sec_bhavdata_full_06042026.csv "HTTP/1.1 200 OK"
2026-05-20 07:05:28,315 2026-04-06: inserted=3172 unchanged=0 rows=3172
2026-05-20 07:05:30,546 HTTP Request: GET https://nsearchives.nseindia.com/products/content/sec_bhavdata_full_07042026.csv "HTTP/1.1 200 OK"
2026-05-20 07:05:30,834 2026-04-07: inserted=3155 unchanged=0 rows=3155
2026-05-20 07:05:33,023 HTTP Request: GET https://nsearchives.nseindia.com/products/content/sec_bhavdata_full_08042026.csv "HTTP/1.1 200 OK"
2026-05-20 07:05:33,443 2026-04-08: inserted=3199 unchanged=0 rows=3199
2026-05-20 07:05:36,376 HTTP Request: GET https://nsearchives.nseindia.com/products/content/sec_bhavdata_full_09042026.csv "HTTP/1.1 200 OK"
2026-05-20 07:05:36,655 2026-04-09: inserted=3145 unchanged=0 rows=3145
2026-05-20 07:05:38,783 HTTP Request: GET https://nsearchives.nseindia.com/products/content/sec_bhavdata_full_10042026.csv "HTTP/1.1 200 OK"
2026-05-20 07:05:39,067 2026-04-10: inserted=3164 unchanged=0 rows=3164
2026-05-20 07:05:41,584 HTTP Request: GET https://nsearchives.nseindia.com/products/content/sec_bhavdata_full_13042026.csv "HTTP/1.1 200 OK"
2026-05-20 07:05:41,789 2026-04-13: inserted=3155 unchanged=0 rows=3155
2026-05-20 07:05:44,190 HTTP Request: GET https://nsearchives.nseindia.com/products/content/sec_bhavdata_full_15042026.csv "HTTP/1.1 200 OK"
2026-05-20 07:05:44,387 2026-04-15: inserted=3173 unchanged=0 rows=3173
2026-05-20 07:05:46,578 HTTP Request: GET https://nsearchives.nseindia.com/products/content/sec_bhavdata_full_16042026.csv "HTTP/1.1 200 OK"
2026-05-20 07:05:46,924 2026-04-16: inserted=3156 unchanged=0 rows=3156
2026-05-20 07:05:49,242 HTTP Request: GET https://nsearchives.nseindia.com/products/content/sec_bhavdata_full_17042026.csv "HTTP/1.1 200 OK"
2026-05-20 07:05:49,653 2026-04-17: inserted=3168 unchanged=0 rows=3168
2026-05-20 07:05:51,821 HTTP Request: GET https://nsearchives.nseindia.com/products/content/sec_bhavdata_full_20042026.csv "HTTP/1.1 200 OK"
2026-05-20 07:05:52,061 2026-04-20: inserted=3263 unchanged=0 rows=3263
2026-05-20 07:05:54,400 HTTP Request: GET https://nsearchives.nseindia.com/products/content/sec_bhavdata_full_21042026.csv "HTTP/1.1 200 OK"
2026-05-20 07:05:54,680 2026-04-21: inserted=3259 unchanged=0 rows=3259
2026-05-20 07:05:56,910 HTTP Request: GET https://nsearchives.nseindia.com/products/content/sec_bhavdata_full_22042026.csv "HTTP/1.1 200 OK"
2026-05-20 07:05:57,261 2026-04-22: inserted=3234 unchanged=0 rows=3234
2026-05-20 07:05:59,527 HTTP Request: GET https://nsearchives.nseindia.com/products/content/sec_bhavdata_full_23042026.csv "HTTP/1.1 200 OK"
2026-05-20 07:05:59,764 2026-04-23: inserted=3239 unchanged=0 rows=3239
2026-05-20 07:06:02,225 HTTP Request: GET https://nsearchives.nseindia.com/products/content/sec_bhavdata_full_24042026.csv "HTTP/1.1 200 OK"
2026-05-20 07:06:02,487 2026-04-24: inserted=3243 unchanged=0 rows=3243
2026-05-20 07:06:04,652 HTTP Request: GET https://nsearchives.nseindia.com/products/content/sec_bhavdata_full_27042026.csv "HTTP/1.1 200 OK"
2026-05-20 07:06:04,928 2026-04-27: inserted=3265 unchanged=0 rows=3265
2026-05-20 07:06:09,164 HTTP Request: GET https://nsearchives.nseindia.com/products/content/sec_bhavdata_full_28042026.csv "HTTP/1.1 200 OK"
2026-05-20 07:06:09,392 2026-04-28: inserted=3227 unchanged=0 rows=3227
2026-05-20 07:06:11,713 HTTP Request: GET https://nsearchives.nseindia.com/products/content/sec_bhavdata_full_29042026.csv "HTTP/1.1 200 OK"
2026-05-20 07:06:11,925 2026-04-29: inserted=3226 unchanged=0 rows=3226
2026-05-20 07:06:22,689 HTTP Request: GET https://nsearchives.nseindia.com/products/content/sec_bhavdata_full_30042026.csv "HTTP/1.1 200 OK"
2026-05-20 07:06:23,006 2026-04-30: inserted=3214 unchanged=0 rows=3214
2026-05-20 07:06:26,172 HTTP Request: GET https://nsearchives.nseindia.com/products/content/sec_bhavdata_full_04052026.csv "HTTP/1.1 200 OK"
2026-05-20 07:06:26,372 2026-05-04: inserted=3264 unchanged=0 rows=3264
2026-05-20 07:06:28,788 HTTP Request: GET https://nsearchives.nseindia.com/products/content/sec_bhavdata_full_05052026.csv "HTTP/1.1 200 OK"
2026-05-20 07:06:29,072 2026-05-05: inserted=3246 unchanged=0 rows=3246
2026-05-20 07:06:31,586 HTTP Request: GET https://nsearchives.nseindia.com/products/content/sec_bhavdata_full_06052026.csv "HTTP/1.1 200 OK"
2026-05-20 07:06:32,793 2026-05-06: inserted=3227 unchanged=0 rows=3227
2026-05-20 07:06:35,822 HTTP Request: GET https://nsearchives.nseindia.com/products/content/sec_bhavdata_full_07052026.csv "HTTP/1.1 200 OK"
2026-05-20 07:06:37,344 2026-05-07: inserted=3246 unchanged=0 rows=3246
2026-05-20 07:06:40,100 HTTP Request: GET https://nsearchives.nseindia.com/products/content/sec_bhavdata_full_08052026.csv "HTTP/1.1 200 OK"
2026-05-20 07:06:40,386 2026-05-08: inserted=3234 unchanged=0 rows=3234
2026-05-20 07:06:42,690 HTTP Request: GET https://nsearchives.nseindia.com/products/content/sec_bhavdata_full_11052026.csv "HTTP/1.1 200 OK"
2026-05-20 07:06:43,002 2026-05-11: inserted=3258 unchanged=0 rows=3258
2026-05-20 07:06:45,271 HTTP Request: GET https://nsearchives.nseindia.com/products/content/sec_bhavdata_full_12052026.csv "HTTP/1.1 200 OK"
2026-05-20 07:06:45,634 2026-05-12: inserted=3233 unchanged=0 rows=3233
2026-05-20 07:06:48,560 HTTP Request: GET https://nsearchives.nseindia.com/products/content/sec_bhavdata_full_13052026.csv "HTTP/1.1 200 OK"
2026-05-20 07:06:48,862 2026-05-13: inserted=3231 unchanged=0 rows=3231
2026-05-20 07:06:51,390 HTTP Request: GET https://nsearchives.nseindia.com/products/content/sec_bhavdata_full_14052026.csv "HTTP/1.1 200 OK"
2026-05-20 07:06:51,697 2026-05-14: inserted=3225 unchanged=0 rows=3225
2026-05-20 07:06:54,128 HTTP Request: GET https://nsearchives.nseindia.com/products/content/sec_bhavdata_full_15052026.csv "HTTP/1.1 200 OK"
2026-05-20 07:06:54,506 2026-05-15: inserted=3226 unchanged=0 rows=3226
2026-05-20 07:06:57,179 HTTP Request: GET https://nsearchives.nseindia.com/products/content/sec_bhavdata_full_18052026.csv "HTTP/1.1 200 OK"
2026-05-20 07:06:57,999 2026-05-18: inserted=3261 unchanged=0 rows=3261
2026-05-20 07:07:00,274 HTTP Request: GET https://nsearchives.nseindia.com/products/content/sec_bhavdata_full_19052026.csv "HTTP/1.1 200 OK"
2026-05-20 07:07:00,576 2026-05-19: inserted=0 unchanged=3210 rows=3210
2026-05-20 07:07:03,032 HTTP Request: GET https://nsearchives.nseindia.com/products/content/sec_bhavdata_full_20052026.csv "HTTP/1.1 404 Not Found"
2026-05-20 07:07:03,034 FAILED 2026-05-20: bhavcopy_cm: Client error '404 Not Found' for url 'https://nsearchives.nseindia.com/products/content/sec_bhavdata_full_20052026.csv'
For more information check: https://developer.mozilla.org/en-US/docs/Web/HTTP/Status/404
2026-05-20 07:07:05,035 BACKFILL DONE: inserted=759511 unchanged=3210 failed_dates=4
2026-05-20 07:07:05,035 failed dates:
2026-05-20 07:07:05,035   2025-08-15 — bhavcopy_cm: Client error '404 Not Found' for url 'https://nsearchives.nseindia.com/products/content/sec_bhavdata_full_15082025.csv'
For more information check: https://developer.mozilla.org/en-US/docs/Web/HTTP/Status/404
2026-05-20 07:07:05,035   2025-08-27 — bhavcopy_cm: Client error '404 Not Found' for url 'https://nsearchives.nseindia.com/products/content/sec_bhavdata_full_27082025.csv'
For more information check: https://developer.mozilla.org/en-US/docs/Web/HTTP/Status/404
2026-05-20 07:07:05,035   2025-10-02 — bhavcopy_cm: Client error '404 Not Found' for url 'https://nsearchives.nseindia.com/products/content/sec_bhavdata_full_02102025.csv'
For more information check: https://developer.mozilla.org/en-US/docs/Web/HTTP/Status/404
2026-05-20 07:07:05,035   2026-05-20 — bhavcopy_cm: Client error '404 Not Found' for url 'https://nsearchives.nseindia.com/products/content/sec_bhavdata_full_20052026.csv'
For more information check: https://developer.mozilla.org/en-US/docs/Web/HTTP/Status/404
